[pullman-demo.myshopify.com/index.html]
[backblue.gif]
[fade.gif]
[index.html]
[cdn.shopify.com/s/files/1/0248/5823/0872/t/2/assets/timber.scssf089.css]
[cdn.shopify.com/s/files/1/0248/5823/0872/t/2/assets/all-pluginsb057.css]
[cdn.shopify.com/s/files/1/0248/5823/0872/t/2/assets/style848f.css]
[cdn.shopify.com/s/files/1/0248/5823/0872/t/2/assets/responsive8d1f.css]
[cdn.shopify.com/s/files/1/0248/5823/0872/t/2/assets/theme-default8815.css]
[cdn.shopify.com/s/files/1/0248/5823/0872/t/2/assets/theme-custom82a5.css]
[cdn.shopify.com/s/files/1/0248/5823/0872/t/2/assets/theme-responsive2776.css]
[cdn.shopify.com/s/files/1/0248/5823/0872/t/2/assets/skin-and-color94d1.css]
[pullman-demo.myshopify.com/POST]
[cdn.shopify.com/s/trekkie.storefront.52caef9e3983d5ddf674a506e80d686b62eb86b0.min.js]
[cdn.shopify.com/shopifycloud/boomerang/shopify-boomerang-1.0.0.min.js]
[cdn.shopify.com/shopifycloud/shopify/assets/shop_events_listener-68ba3f1321f00bf07cb78a03841621079812265e950cdccade3463749ea2705e.js]
[cdn.shopify.com/shopifycloud/storefront-recaptcha-v3/v0.1/index.js]
[cdn.shopify.com/shopifycloud/shopify/assets/storefront/load_feature-d8a6f1446d67009c524ed4e68648800ba9082eb75548ee28e1050331cbe7ba28.js]
[cdn.shopify.com/shopifycloud/shopify/assets/storefront/features-87e8399988880142f2c62771b9d8f2ff6c290b3ff745dd426eb0dfe0db9d1dae.js]
[cdn.shopify.com/s/files/1/0248/5823/0872/t/2/compiled_assets/styles8d1f.css]
[cdn.shopify.com/shopifycloud/shopify/assets/themes_support/option_selection-fe6b72c2bbdd3369ac0bfefe8648e3c889efca213baefd4cfb0dd9363563831f.js]
[cdn.shopify.com/shopifycloud/shopify/assets/themes_support/api.jquery-e94e010e92e659b566dbc436fdfe5242764380e00398907a14955ba301a4749f.js]
[cdn.shopify.com/s/files/1/0248/5823/0872/t/2/assets/cart.api4d91.js]
[cdn.shopify.com/s/files/1/0248/5823/0872/files/0012_440x550_crop_center8304.jpg]
[cdn.shopify.com/s/files/1/0248/5823/0872/t/2/assets/themefc7e.js]
[cdn.shopify.com/s/files/1/0248/5823/0872/t/2/assets/newsletter-jsc1fa.js]
[pullman-demo.myshopify.com/account/login4236.html]
[cdn.shopify.com/s/files/1/0248/5823/0872/t/2/assets/all-pluginsbab1.js]
[pullman-demo.myshopify.com/cart.html]
[cdn.shopify.com/s/files/1/0248/5823/0872/files/logo_300xaa42.png]
[pullman-demo.myshopify.com/account/login.html]
[pullman-demo.myshopify.com/collections/all.html]
[pullman-demo.myshopify.com/products/best-womens-shoes.html]
[pullman-demo.myshopify.com/products/black-leather-slippers.html]
[pullman-demo.myshopify.com/products/blue-shoes-sell.html]
[pullman-demo.myshopify.com/products/product-title-here.html]
[pullman-demo.myshopify.com/products/product-title-here-1.html]
[pullman-demo.myshopify.com/products/product-dummy-title-2.html]
[pullman-demo.myshopify.com/products/red-shoes-sell.html]
[pullman-demo.myshopify.com/products/product-dummy-title-4.html]
[pullman-demo.myshopify.com/products/red-slippers-man.html]
[pullman-demo.myshopify.com/products/new-womens-shoes.html]
[pullman-demo.myshopify.com/products/sell-mens-slippers.html]
[pullman-demo.myshopify.com/collections/new-arrivals-products.html]
[pullman-demo.myshopify.com/products/green-shoes.html]
[pullman-demo.myshopify.com/products/sell-black-slippers.html]
[pullman-demo.myshopify.com/blogs/news.html]
[pullman-demo.myshopify.com/pages/contact-us.html]
[pullman-demo.myshopify.com/collections/featured-products.html]
[pullman-demo.myshopify.com/products/11-product-with-video]
[cdn.shopify.com/s/files/1/0248/5823/0872/files/about1280.jpg]
[cdn.shopify.com/s/files/1/0248/5823/0872/products/7_bf09ff80-ac12-4c9e-895c-4479741c96f7_large0052.jpg]
[cdn.shopify.com/s/files/1/0248/5823/0872/products/1_1024x1024_5287d82e-2e95-4325-a6a9-18def12520da_large5848.jpg]
[cdn.shopify.com/s/files/1/0248/5823/0872/products/5_1024x1024_c0a7cd97-9b3b-4e5a-b247-0d7dc816850c_large1c02.jpg]
[cdn.shopify.com/s/files/1/0248/5823/0872/products/6_a863f304-ec9f-4792-9425-a0d90024d265_large75a7.jpg]
[cdn.shopify.com/s/files/1/0248/5823/0872/products/1_e3ba6ded-fdec-4d47-ab76-7334cb7f2b99_large0885.jpg]
[cdn.shopify.com/s/files/1/0248/5823/0872/products/3_1024x1024_6cfcd393-e9c1-413d-8def-f23489adc35b_large8f7d.jpg]
[cdn.shopify.com/s/files/1/0248/5823/0872/products/9_2fb7cc1d-cf28-45a9-bc65-8629d22593b7_large41c3.jpg]
[cdn.shopify.com/s/files/1/0248/5823/0872/products/5_1024x1024_c19a63bd-9dd9-46a9-bd9e-6c62ef907c41_largeaf19.jpg]
[cdn.shopify.com/s/files/1/0248/5823/0872/files/banner_0119ef.png]
[cdn.shopify.com/s/files/1/0248/5823/0872/files/banner_1.31ae0.jpg]
[pullman-demo.myshopify.com/collections.html]
[cdn.shopify.com/s/files/1/0248/5823/0872/collections/bg_spe_1024x1024ba5a.jpg]
[cdn.shopify.com/s/files/1/0248/5823/0872/products/7_bf09ff80-ac12-4c9e-895c-4479741c96f7_800X800_crop_center0052.jpg]
[cdn.shopify.com/s/files/1/0248/5823/0872/products/5_1024x1024_c0a7cd97-9b3b-4e5a-b247-0d7dc816850c_800X800_crop_center1c02.jpg]
[cdn.shopify.com/s/files/1/0248/5823/0872/products/6_a863f304-ec9f-4792-9425-a0d90024d265_800X800_crop_center75a7.jpg]
[cdn.shopify.com/s/files/1/0248/5823/0872/products/10_16468ad0-3768-4234-9fc8-904bc31efe66_800X800_crop_centera36c.jpg]
[cdn.shopify.com/s/files/1/0248/5823/0872/products/1_6bb1ea93-9e55-442a-9d62-b284d58e91ea_800X800_crop_centerdd26.jpg]
[cdn.shopify.com/s/files/1/0248/5823/0872/files/category-135a2.png]
[cdn.shopify.com/s/files/1/0248/5823/0872/files/cat-bgd069.jpg]
[cdn.shopify.com/s/files/1/0248/5823/0872/files/cat-hover5c57.jpg]
[cdn.shopify.com/s/files/1/0248/5823/0872/files/category-2_71593b7b-3c70-4a3a-a731-39e13ebaf66d95ce.png]
[cdn.shopify.com/s/files/1/0248/5823/0872/files/category-3a147.png]
[cdn.shopify.com/s/files/1/0248/5823/0872/files/bg-listcate08d2.jpg]
[cdn.shopify.com/s/files/1/0248/5823/0872/products/9_36794752-5d7c-48f1-8077-9d42733b9179_largee3c0.jpg]
[cdn.shopify.com/s/files/1/0248/5823/0872/products/8_e31f5ced-b0a1-4a71-bc06-ddb9de78e7e5_largecc43.jpg]
[cdn.shopify.com/s/files/1/0248/5823/0872/products/9_9b6d4afc-d827-4b1f-bb4a-249422400375_large6baa.jpg]
[pullman-demo.myshopify.com/products/product-title-here-2.html]
[cdn.shopify.com/s/files/1/0248/5823/0872/products/2_572d052c-1962-40f5-8899-fa3ffe064dc8_largee2a9.jpg]
[cdn.shopify.com/s/files/1/0248/5823/0872/products/2_f78ab901-b381-440b-b022-1e07b5c2cef9_large694a.jpg]
[pullman-demo.myshopify.com/products/product-dummy-title-3.html]
[cdn.shopify.com/s/files/1/0248/5823/0872/products/1_6bb1ea93-9e55-442a-9d62-b284d58e91ea_largedd26.jpg]
[cdn.shopify.com/s/files/1/0248/5823/0872/files/team-member-3_442x442_045d4cce-ebf0-4079-b75e-f114d2e838e1_100x96e1.jpg]
[cdn.shopify.com/s/files/1/0248/5823/0872/files/testimonial-1-80x80_80x80_56a03f52-717f-4a4f-b7a2-bc603504fc3d_100x486d.png]
[cdn.shopify.com/s/files/1/0248/5823/0872/files/1_235xb438.png]
[cdn.shopify.com/s/files/1/0248/5823/0872/files/2_235x5aac.png]
[cdn.shopify.com/s/files/1/0248/5823/0872/files/3_235xd288.png]
[cdn.shopify.com/s/files/1/0248/5823/0872/files/4_235xc338.png]
[cdn.shopify.com/s/files/1/0248/5823/0872/files/5_235x6e4e.png]
[cdn.shopify.com/s/files/1/0248/5823/0872/files/6_235xeccd.png]
[cdn.shopify.com/s/files/1/0248/5823/0872/files/bg-testimonial5b85.jpg]
[cdn.shopify.com/s/files/1/0248/5823/0872/articles/blog-4_a844aa17-9637-400a-ad3c-cbc331b0b3ca_1024x10249d01.jpg]
[pullman-demo.myshopify.com/blogs/news/sed-do-eiusmod-tempor.html]
[cdn.shopify.com/s/files/1/0248/5823/0872/articles/blog-3_6a23bef2-3b2f-4aa5-b278-24b6ddb50107_1024x1024fdc0.jpg]
[pullman-demo.myshopify.com/blogs/news/consectetur-adipisicing-elit.html]
[pullman-demo.myshopify.com/blogs/news/this-is-eight-post-xipblog.html]
[cdn.shopify.com/s/files/1/0248/5823/0872/articles/blog-2_7a9351af-3aad-4460-83a7-274f158d36ac_1024x1024c0dc.jpg]
[cdn.shopify.com/s/files/1/0248/5823/0872/articles/blog-4_1024x1024be00.jpg]
[pullman-demo.myshopify.com/blogs/news/this-is-seventh-post-xipblog.html]
[cdn.shopify.com/s/files/1/0248/5823/0872/articles/blog-3_1024x1024d31f.jpg]
[pullman-demo.myshopify.com/blogs/news/this-is-third-post-xipblog.html]
[cdn.shopify.com/s/files/1/0248/5823/0872/articles/blog-2_1024x10244812.jpg]
[pullman-demo.myshopify.com/blogs/news/this-is-second-post-xipblog.html]
[cdn.shopify.com/s/files/1/0248/5823/0872/articles/blog-1_1024x10243b2a.jpg]
[pullman-demo.myshopify.com/blogs/news/this-is-first-post-xipblog.html]
[cdn.shopify.com/s/files/1/0248/5823/0872/files/logoaa42.png]
[cdn.shopify.com/s/files/1/0248/5823/0872/files/paymentefaf.png]
[cdn.shopify.com/s/files/1/0248/5823/0872/t/2/assets/fastclick.min1125.js]
[cdn.shopify.com/s/files/1/0248/5823/0872/t/2/assets/timber6083.js]
[cdn.shopify.com/s/files/1/0248/5823/0872/t/2/assets/wishlistfdb7.js]
[cdn.shopify.com/s/javascripts/currencies.js]
[cdn.shopify.com/s/files/1/0248/5823/0872/t/2/assets/jquery.currencies.min1a82.js]
[pullman-demo.myshopify.com/index.html]
[cdn.shopify.com/s/files/1/0248/5823/0872/t/2/assets/icons704c.eot]
[cdn.shopify.com/s/files/1/0248/5823/0872/t/2/assets/icons704c.woff]
[cdn.shopify.com/s/files/1/0248/5823/0872/t/2/assets/icons704c.ttf]
[cdn.shopify.com/s/files/1/0248/5823/0872/t/2/assets/icons704c.svg]
[cdn.shopify.com/s/files/1/0248/5823/0872/t/2/assets/ico-select704c.svg]
[cdn.shopify.com/s/files/1/0248/5823/0872/t/2/assets/timber.scssf089.css]
[cdn.shopify.com/s/files/1/0248/5823/0872/t/2/assets/fontawesome-webfont3e6e.woff2]
[cdn.shopify.com/s/files/1/0248/5823/0872/t/2/assets/fontawesome-webfont3e6e.woff]
[cdn.shopify.com/s/files/1/0248/5823/0872/t/2/assets/fontawesome-webfont3e6e.eot]
[cdn.shopify.com/s/files/1/0248/5823/0872/t/2/assets/fontawesome-webfont3e6e.ttf]
[cdn.shopify.com/s/files/1/0248/5823/0872/t/2/assets/fontawesome-webfont3e6e.svg]
[cdn.shopify.com/s/files/1/0248/5823/0872/t/2/assets/all-pluginsb057.css]
[cdn.shopify.com/s/files/1/0248/5823/0872/t/2/assets/cancel.png]
[cdn.shopify.com/s/files/1/0248/5823/0872/t/assets/img/banner/bg_spe.jpg]
[cdn.shopify.com/s/files/1/0248/5823/0872/t/assets/img/category/cat-bg.jpg]
[cdn.shopify.com/s/files/1/0248/5823/0872/t/assets/img/category/cat-hover.jpg]
[cdn.shopify.com/s/files/1/0248/5823/0872/t/2/assets/fontawesome-webfontd41d.eot]
[cdn.shopify.com/s/files/1/0248/5823/0872/t/2/assets/download.png]
[cdn.shopify.com/s/files/1/0248/5823/0872/t/2/assets/style848f.css]
[cdn.shopify.com/s/files/1/0248/5823/0872/t/2/assets/responsive8d1f.html]
[cdn.shopify.com/s/files/1/0248/5823/0872/t/2/assets/qcv-arrow-down.png]
[cdn.shopify.com/s/files/1/0248/5823/0872/t/2/assets/loading.gif]
[cdn.shopify.com/s/files/1/0248/5823/0872/t/2/assets/theme-default8815.css]
[cdn.shopify.com/s/files/1/0248/5823/0872/t/2/assets/theme-custom82a5.css]
[cdn.shopify.com/s/files/1/0248/5823/0872/t/2/assets/theme-responsive2776.css]
[cdn.shopify.com/s/files/1/0248/5823/0872/files/shop715b.jpg]
[cdn.shopify.com/s/files/1/0248/5823/0872/t/2/assets/skin-and-color94d1.css]
[pullman-demo.myshopify.com/POST.html]
[cdn.shopify.com/s/files/1/0248/5823/0872/t/2/compiled_assets/styles8d1f.css]
[cdn.shopify.com/s/files/1/0248/5823/0872/t/2/compiled_assets/scripts8d1f.js]
[pullman-demo.myshopify.com/account/POST.83.delayed]
[cdn.shopify.com/shopifycloud/shopify/assets/themes_support/shopify_common-8ea6ac3faf357236a97f5de749df4da6e8436ca107bc3a4ee805cbf08bc47392.js]
[pullman-demo.myshopify.com/account/login4236.html]
[pullman-demo.myshopify.com/cart.html]
[pullman-demo.myshopify.com/account/login.html]
[pullman-demo.myshopify.com/indexbf88.html]
[pullman-demo.myshopify.com/index6f88.html]
[pullman-demo.myshopify.com/index2905.html]
[pullman-demo.myshopify.com/index6a52.html]
[pullman-demo.myshopify.com/index1201.html]
[pullman-demo.myshopify.com/index200a.html]
[pullman-demo.myshopify.com/account/register.html]
[pullman-demo.myshopify.com/collections/all.atom]
[pullman-demo.myshopify.com/collections/all4658.html]
[pullman-demo.myshopify.com/collections/POST]
[cdn.shopify.com/s/files/1/0248/5823/0872/products/10_16468ad0-3768-4234-9fc8-904bc31efe66_largea36c.jpg]
[pullman-demo.myshopify.com/collections/best-seller.html]
[pullman-demo.myshopify.com/collections/special-products.html]
[pullman-demo.myshopify.com/collections/vendors070d.html]
[pullman-demo.myshopify.com/collections/vendors97a5.html]
[pullman-demo.myshopify.com/collections/vendorsdc04.html]
[pullman-demo.myshopify.com/collections/all/red.html]
[pullman-demo.myshopify.com/collections/all/green.html]
[pullman-demo.myshopify.com/collections/all/blue.html]
[pullman-demo.myshopify.com/collections/all/white.html]
[pullman-demo.myshopify.com/collections/all/s.html]
[pullman-demo.myshopify.com/collections/all/m.html]
[pullman-demo.myshopify.com/collections/all.html]
[cdn.shopify.com/s/files/1/0248/5823/0872/files/sidebar-banner_a5734cf9-3ad9-43f2-8079-4070d00683cd_grandeb8c8.jpg]
[pullman-demo.myshopify.com/collections/all/l.html]
[cdn.shopify.com/s/files/1/0248/5823/0872/products/10_33707809-064d-47a9-9491-1bc7bf4abec1_grandee3c0.jpg]
[cdn.shopify.com/s/files/1/0248/5823/0872/products/9_36794752-5d7c-48f1-8077-9d42733b9179_grandee3c0.jpg]
[cdn.shopify.com/s/files/1/0248/5823/0872/t/4/assets/timber.scss994e.css]
[cdn.shopify.com/s/files/1/0248/5823/0872/t/4/assets/all-pluginsb057.css]
[cdn.shopify.com/s/files/1/0248/5823/0872/t/4/assets/style848f.css]
[cdn.shopify.com/s/files/1/0248/5823/0872/t/4/assets/responsive8d1f.css]
[cdn.shopify.com/s/files/1/0248/5823/0872/t/4/assets/theme-default8815.css]
[cdn.shopify.com/s/files/1/0248/5823/0872/t/4/assets/theme-customeb4f.css]
[cdn.shopify.com/s/files/1/0248/5823/0872/t/4/assets/theme-responsiveb9fc.css]
[cdn.shopify.com/s/files/1/0248/5823/0872/t/4/assets/skin-and-coloreeec.css]
[pullman-demo.myshopify.com/products/best-womens-shoes.oembed]
[pullman-demo.myshopify.com/products/POST]
[cdn.shopify.com/shopifycloud/shopify/assets/storefront/bars/preview_bar_injector-1e3a713add37dacb26a2846054e5bf73c968340c06cb4dbaa8b985dce031f4cd.js]
[cdn.shopify.com/s/files/1/0248/5823/0872/t/4/compiled_assets/styles8d1f.css]
[cdn.shopify.com/s/files/1/0248/5823/0872/t/4/assets/cart.api4d91.js]
[cdn.shopify.com/s/files/1/0248/5823/0872/t/4/assets/themefc7e.js]
[cdn.shopify.com/s/files/1/0248/5823/0872/products/9_36794752-5d7c-48f1-8077-9d42733b9179_1024x1024e3c0.jpg]
[cdn.shopify.com/s/files/1/0248/5823/0872/products/9_36794752-5d7c-48f1-8077-9d42733b9179_compacte3c0.jpg]
[cdn.shopify.com/s/files/1/0248/5823/0872/t/4/assets/all-pluginsbab1.js]
[cdn.shopify.com/s/files/1/0248/5823/0872/products/10_33707809-064d-47a9-9491-1bc7bf4abec1_1024x1024e3c0.jpg]
[cdn.shopify.com/s/files/1/0248/5823/0872/products/10_33707809-064d-47a9-9491-1bc7bf4abec1_compacte3c0.jpg]
[cdn.shopify.com/s/global/social/social-icons.css]
[cdn.shopify.com/s/files/1/0248/5823/0872/t/4/assets/jquery.elevateZoom-3.0.8.minc06e.js]
[cdn.shopify.com/s/files/1/0248/5823/0872/t/4/assets/jquery.fancyboxec00.css]
[cdn.shopify.com/s/files/1/0248/5823/0872/t/4/assets/jquery.fancybox.min9c4d.js]
[demo-store.disqus.com/embed.js]
[pullman-demo.myshopify.com/collections/featured-products/products/sell-mens-slippers.html]
[pullman-demo.myshopify.com/collections/featured-products/products/product-dummy-title-4.html]
[cdn.shopify.com/s/files/1/0248/5823/0872/t/4/assets/fastclick.min1125.js]
[cdn.shopify.com/s/files/1/0248/5823/0872/t/4/assets/timber6083.js]
[cdn.shopify.com/s/files/1/0248/5823/0872/t/4/assets/wishlistfdb7.js]
[pullman-demo.myshopify.com/collections/featured-products/products/product-title-here-1.html]
[pullman-demo.myshopify.com/products/best-womens-shoes.html]
[cdn.shopify.com/s/files/1/0248/5823/0872/t/4/assets/jquery.currencies.min1a82.js]
[cdn.shopify.com/s/files/1/0248/5823/0872/products/8_a8a99f95-50be-4794-80fb-d322eacdf14e_grande694a.jpg]
[cdn.shopify.com/s/files/1/0248/5823/0872/products/7_grande694a.jpg]
[cdn.shopify.com/s/files/1/0248/5823/0872/products/2_f78ab901-b381-440b-b022-1e07b5c2cef9_grande694a.jpg]
[cdn.shopify.com/s/files/1/0248/5823/0872/t/7/assets/timber.scssdcb0.css]
[cdn.shopify.com/s/files/1/0248/5823/0872/t/7/assets/all-pluginsb057.css]
[cdn.shopify.com/s/files/1/0248/5823/0872/t/7/assets/style848f.css]
[cdn.shopify.com/s/files/1/0248/5823/0872/t/7/assets/responsive8d1f.css]
[cdn.shopify.com/s/files/1/0248/5823/0872/t/7/assets/theme-default8815.css]
[cdn.shopify.com/s/files/1/0248/5823/0872/t/7/assets/theme-customeb4f.css]
[cdn.shopify.com/s/files/1/0248/5823/0872/t/7/assets/theme-rtl604c.css]
[cdn.shopify.com/s/files/1/0248/5823/0872/t/7/assets/theme-responsive863d.css]
[cdn.shopify.com/s/files/1/0248/5823/0872/t/7/assets/skin-and-color94d1.css]
[pullman-demo.myshopify.com/products/black-leather-slippers.oembed]
[cdn.shopify.com/s/files/1/0248/5823/0872/t/7/compiled_assets/styles8d1f.css]
[cdn.shopify.com/s/files/1/0248/5823/0872/t/7/assets/cart.api4d91.js]
[cdn.shopify.com/s/files/1/0248/5823/0872/t/7/assets/themea6d1.js]
[cdn.shopify.com/s/files/1/0248/5823/0872/products/2_f78ab901-b381-440b-b022-1e07b5c2cef9_1024x1024694a.jpg]
[cdn.shopify.com/s/files/1/0248/5823/0872/products/2_f78ab901-b381-440b-b022-1e07b5c2cef9_compact694a.jpg]
[cdn.shopify.com/s/files/1/0248/5823/0872/products/7_1024x1024694a.jpg]
[cdn.shopify.com/s/files/1/0248/5823/0872/products/7_compact694a.jpg]
[cdn.shopify.com/s/files/1/0248/5823/0872/products/8_a8a99f95-50be-4794-80fb-d322eacdf14e_1024x1024694a.jpg]
[cdn.shopify.com/s/files/1/0248/5823/0872/t/7/assets/all-pluginsbab1.js]
[cdn.shopify.com/s/files/1/0248/5823/0872/products/8_a8a99f95-50be-4794-80fb-d322eacdf14e_compact694a.jpg]
[cdn.shopify.com/s/files/1/0248/5823/0872/t/7/assets/jquery.fancyboxec00.css]
[cdn.shopify.com/s/files/1/0248/5823/0872/t/7/assets/jquery.elevateZoom-3.0.8.minc06e.js]
[cdn.shopify.com/s/files/1/0248/5823/0872/t/7/assets/jquery.fancybox.min9c4d.js]
[cdn.shopify.com/s/files/1/0248/5823/0872/t/7/assets/fastclick.min1125.js]
[cdn.shopify.com/s/files/1/0248/5823/0872/t/7/assets/timber6083.js]
[pullman-demo.myshopify.com/collections/featured-products/products/best-womens-shoes.html]
[cdn.shopify.com/s/files/1/0248/5823/0872/t/7/assets/wishlistfdb7.js]
[cdn.shopify.com/s/files/1/0248/5823/0872/t/7/assets/jquery.currencies.min1a82.js]
[pullman-demo.myshopify.com/products/black-leather-slippers.html]
[cdn.shopify.com/s/files/1/0248/5823/0872/products/5_1024x1024_c0a7cd97-9b3b-4e5a-b247-0d7dc816850c_grande1c02.jpg]
[pullman-demo.myshopify.com/products/blue-shoes-sell.oembed]
[cdn.shopify.com/s/files/1/0248/5823/0872/products/5_1024x1024_c0a7cd97-9b3b-4e5a-b247-0d7dc816850c_1024x10241c02.jpg]
[pullman-demo.myshopify.com/collections/best-seller/products/sell-mens-slippers.html]
[pullman-demo.myshopify.com/products/blue-shoes-sell.html]
[cdn.shopify.com/s/files/1/0248/5823/0872/products/5_45eb3cad-5bb6-48dc-aae8-e714d06954d9_grande5848.jpg]
[pullman-demo.myshopify.com/collections/best-seller/products/product-title-here.html]
[cdn.shopify.com/s/files/1/0248/5823/0872/products/10_5f41ae47-04a9-4cf4-a95b-ed8b7b4b4135_grande5848.jpg]
[pullman-demo.myshopify.com/collections/best-seller/products/green-shoes.html]
[cdn.shopify.com/s/files/1/0248/5823/0872/products/1_1024x1024_5287d82e-2e95-4325-a6a9-18def12520da_grande5848.jpg]
[pullman-demo.myshopify.com/products/product-title-here.oembed]
[cdn.shopify.com/s/files/1/0248/5823/0872/products/1_1024x1024_5287d82e-2e95-4325-a6a9-18def12520da_1024x10245848.jpg]
[cdn.shopify.com/s/files/1/0248/5823/0872/products/1_1024x1024_5287d82e-2e95-4325-a6a9-18def12520da_compact5848.jpg]
[cdn.shopify.com/s/files/1/0248/5823/0872/products/10_5f41ae47-04a9-4cf4-a95b-ed8b7b4b4135_1024x10245848.jpg]
[cdn.shopify.com/s/files/1/0248/5823/0872/products/10_5f41ae47-04a9-4cf4-a95b-ed8b7b4b4135_compact5848.jpg]
[cdn.shopify.com/s/files/1/0248/5823/0872/products/5_45eb3cad-5bb6-48dc-aae8-e714d06954d9_1024x10245848.jpg]
[cdn.shopify.com/s/files/1/0248/5823/0872/products/5_45eb3cad-5bb6-48dc-aae8-e714d06954d9_compact5848.jpg]
[cdn.shopify.com/s/files/1/0248/5823/0872/products/3_1024x1024_a0be49c3-2494-4196-9275-156faeb8fb51_1024x10245848.jpg]
[cdn.shopify.com/s/files/1/0248/5823/0872/products/3_1024x1024_a0be49c3-2494-4196-9275-156faeb8fb51_compact5848.jpg]
[cdn.shopify.com/s/files/1/0082/5078/5910/files/mens-t-shirt-size-chart_ed0b1fdd-271a-4221-9d65-41a27bf4c685_2048x2048992e.png]
[pullman-demo.myshopify.com/products/product-title-here.html]
[cdn.shopify.com/s/files/1/0248/5823/0872/products/6_eb3d5791-f3b6-4a74-8840-938b012b894c_grandecc43.jpg]
[pullman-demo.myshopify.com/collections/best-seller/products/blue-shoes-sell.html]
[cdn.shopify.com/s/files/1/0248/5823/0872/products/2_557cb8ec-c7c4-428b-a31a-56cdf5f83af0_grandecc43.jpg]
[cdn.shopify.com/s/files/1/0248/5823/0872/products/8_e31f5ced-b0a1-4a71-bc06-ddb9de78e7e5_grandecc43.jpg]
[pullman-demo.myshopify.com/products/product-title-here-1.oembed]
[cdn.shopify.com/s/files/1/0248/5823/0872/products/8_e31f5ced-b0a1-4a71-bc06-ddb9de78e7e5_1024x1024cc43.jpg]
[cdn.shopify.com/s/files/1/0248/5823/0872/products/8_e31f5ced-b0a1-4a71-bc06-ddb9de78e7e5_compactcc43.jpg]
[cdn.shopify.com/s/files/1/0248/5823/0872/products/2_557cb8ec-c7c4-428b-a31a-56cdf5f83af0_1024x1024cc43.jpg]
[cdn.shopify.com/s/files/1/0248/5823/0872/products/2_557cb8ec-c7c4-428b-a31a-56cdf5f83af0_compactcc43.jpg]
[cdn.shopify.com/s/files/1/0248/5823/0872/products/6_eb3d5791-f3b6-4a74-8840-938b012b894c_1024x1024cc43.jpg]
[cdn.shopify.com/s/files/1/0248/5823/0872/products/6_eb3d5791-f3b6-4a74-8840-938b012b894c_compactcc43.jpg]
[cdn.shopify.com/s/files/1/0248/5823/0872/products/7_1024x1024_79ac8e03-6a01-4bb9-b6e6-c73f0ea92f15_1024x102461f5.jpg]
[cdn.shopify.com/s/files/1/0248/5823/0872/products/7_1024x1024_79ac8e03-6a01-4bb9-b6e6-c73f0ea92f15_compact61f5.jpg]
[pullman-demo.myshopify.com/products/product-title-here-1.html]
[cdn.shopify.com/s/files/1/0248/5823/0872/products/1_1024x1024_627eab12-b62b-4870-bd98-b516b414dccc_grandeaf19.jpg]
[cdn.shopify.com/s/files/1/0248/5823/0872/products/6_grandeaf19.jpg]
[cdn.shopify.com/s/files/1/0248/5823/0872/products/5_1024x1024_c19a63bd-9dd9-46a9-bd9e-6c62ef907c41_grandeaf19.jpg]
[pullman-demo.myshopify.com/products/product-dummy-title-2.oembed]
[cdn.shopify.com/s/files/1/0248/5823/0872/products/5_1024x1024_c19a63bd-9dd9-46a9-bd9e-6c62ef907c41_1024x1024af19.jpg]
[cdn.shopify.com/s/files/1/0248/5823/0872/products/5_1024x1024_c19a63bd-9dd9-46a9-bd9e-6c62ef907c41_compactaf19.jpg]
[cdn.shopify.com/s/files/1/0248/5823/0872/products/6_1024x1024af19.jpg]
[cdn.shopify.com/s/files/1/0248/5823/0872/products/6_compactaf19.jpg]
[cdn.shopify.com/s/files/1/0248/5823/0872/products/1_1024x1024_627eab12-b62b-4870-bd98-b516b414dccc_1024x1024af19.jpg]
[cdn.shopify.com/s/files/1/0248/5823/0872/products/1_1024x1024_627eab12-b62b-4870-bd98-b516b414dccc_compactaf19.jpg]
[cdn.shopify.com/s/files/1/0248/5823/0872/products/2_1024x1024_c206ff9c-cb7f-46a4-af0a-9468c33b9dd6_1024x1024af19.jpg]
[cdn.shopify.com/s/files/1/0248/5823/0872/products/2_1024x1024_c206ff9c-cb7f-46a4-af0a-9468c33b9dd6_compactaf19.jpg]
[pullman-demo.myshopify.com/products/product-dummy-title-2.html]
[cdn.shopify.com/s/files/1/0248/5823/0872/products/1_1024x1024_966070f9-bd9c-41c1-b022-d59a07607267_grandefe24.jpg]
[cdn.shopify.com/s/files/1/0248/5823/0872/products/3_1024x1024_3305d68d-bd87-4749-b613-4a5be551d2bc_granded8f5.jpg]
[cdn.shopify.com/s/files/1/0248/5823/0872/products/10_16468ad0-3768-4234-9fc8-904bc31efe66_grandea36c.jpg]
[pullman-demo.myshopify.com/products/red-shoes-sell.oembed]
[cdn.shopify.com/s/files/1/0248/5823/0872/products/10_16468ad0-3768-4234-9fc8-904bc31efe66_1024x1024a36c.jpg]
[cdn.shopify.com/s/files/1/0248/5823/0872/products/10_16468ad0-3768-4234-9fc8-904bc31efe66_compacta36c.jpg]
[cdn.shopify.com/s/files/1/0248/5823/0872/products/3_1024x1024_3305d68d-bd87-4749-b613-4a5be551d2bc_1024x1024d8f5.jpg]
[cdn.shopify.com/s/files/1/0248/5823/0872/products/3_1024x1024_3305d68d-bd87-4749-b613-4a5be551d2bc_compactd8f5.jpg]
[cdn.shopify.com/s/files/1/0248/5823/0872/products/1_1024x1024_966070f9-bd9c-41c1-b022-d59a07607267_1024x1024fe24.jpg]
[cdn.shopify.com/s/files/1/0248/5823/0872/products/1_1024x1024_966070f9-bd9c-41c1-b022-d59a07607267_compactfe24.jpg]
[cdn.shopify.com/s/files/1/0248/5823/0872/products/2_1024x1024_2def8ccb-d056-4200-a144-d5d066a595c9_1024x10240248.jpg]
[cdn.shopify.com/s/files/1/0248/5823/0872/products/2_1024x1024_2def8ccb-d056-4200-a144-d5d066a595c9_compact0248.jpg]
[pullman-demo.myshopify.com/products/red-shoes-sell.html]
[pullman-demo.myshopify.com/collections/special-products/products/sell-mens-slippers.html]
[cdn.shopify.com/s/files/1/0248/5823/0872/products/1_grande41c3.jpg]
[pullman-demo.myshopify.com/collections/special-products/products/blue-shoes-sell.html]
[cdn.shopify.com/s/files/1/0248/5823/0872/products/2_grande41c3.jpg]
[cdn.shopify.com/s/files/1/0248/5823/0872/products/9_2fb7cc1d-cf28-45a9-bc65-8629d22593b7_grande41c3.jpg]
[pullman-demo.myshopify.com/collections/special-products/products/green-shoes.html]
[pullman-demo.myshopify.com/products/product-dummy-title-4.oembed]
[cdn.shopify.com/s/files/1/0248/5823/0872/products/9_2fb7cc1d-cf28-45a9-bc65-8629d22593b7_1024x102441c3.jpg]
[cdn.shopify.com/s/files/1/0248/5823/0872/products/9_2fb7cc1d-cf28-45a9-bc65-8629d22593b7_compact41c3.jpg]
[cdn.shopify.com/s/files/1/0248/5823/0872/products/2_1024x102441c3.jpg]
[cdn.shopify.com/s/files/1/0248/5823/0872/products/2_compact41c3.jpg]
[cdn.shopify.com/s/files/1/0248/5823/0872/products/1_1024x102441c3.jpg]
[cdn.shopify.com/s/files/1/0248/5823/0872/products/1_compact41c3.jpg]
[cdn.shopify.com/s/files/1/0248/5823/0872/products/3_1024x1024_e8ca3e42-49af-415f-bedf-08999c441322_1024x102441c3.jpg]
[cdn.shopify.com/s/files/1/0248/5823/0872/products/3_1024x1024_e8ca3e42-49af-415f-bedf-08999c441322_compact41c3.jpg]
[pullman-demo.myshopify.com/products/product-dummy-title-4.html]
[cdn.shopify.com/s/files/1/0248/5823/0872/products/2_1024x1024_e72e8841-c683-4501-a8a5-a0347d21267b_grande8f7d.jpg]
[cdn.shopify.com/s/files/1/0248/5823/0872/products/9_97087870-2d8c-418c-8b2d-2164469a6e91_grande8f7d.jpg]
[cdn.shopify.com/s/files/1/0248/5823/0872/products/3_1024x1024_6cfcd393-e9c1-413d-8def-f23489adc35b_grande8f7d.jpg]
[pullman-demo.myshopify.com/products/red-slippers-man.oembed]
[cdn.shopify.com/s/files/1/0248/5823/0872/products/3_1024x1024_6cfcd393-e9c1-413d-8def-f23489adc35b_1024x10248f7d.jpg]
[cdn.shopify.com/s/files/1/0248/5823/0872/products/3_1024x1024_6cfcd393-e9c1-413d-8def-f23489adc35b_compact8f7d.jpg]
[cdn.shopify.com/s/files/1/0248/5823/0872/products/9_97087870-2d8c-418c-8b2d-2164469a6e91_1024x10248f7d.jpg]
[cdn.shopify.com/s/files/1/0248/5823/0872/products/9_97087870-2d8c-418c-8b2d-2164469a6e91_compact8f7d.jpg]
[cdn.shopify.com/s/files/1/0248/5823/0872/products/2_1024x1024_e72e8841-c683-4501-a8a5-a0347d21267b_1024x10248f7d.jpg]
[cdn.shopify.com/s/files/1/0248/5823/0872/products/2_1024x1024_e72e8841-c683-4501-a8a5-a0347d21267b_compact8f7d.jpg]
[cdn.shopify.com/s/files/1/0248/5823/0872/products/5_1024x1024_87884138-8745-4897-b6a9-549c033acc13_1024x10241d87.jpg]
[cdn.shopify.com/s/files/1/0248/5823/0872/products/5_1024x1024_87884138-8745-4897-b6a9-549c033acc13_compact1d87.jpg]
[pullman-demo.myshopify.com/products/red-slippers-man.html]
[cdn.shopify.com/s/files/1/0248/5823/0872/products/8_e07fe262-8366-4c5a-9da8-731a9ba82aa6_grande0885.jpg]
[cdn.shopify.com/s/files/1/0248/5823/0872/products/2_8915e987-aa72-43a2-858e-01764ae6a2f2_grande0885.jpg]
[cdn.shopify.com/s/files/1/0248/5823/0872/products/1_e3ba6ded-fdec-4d47-ab76-7334cb7f2b99_grande0885.jpg]
[pullman-demo.myshopify.com/products/new-womens-shoes.oembed]
[cdn.shopify.com/s/files/1/0248/5823/0872/products/1_e3ba6ded-fdec-4d47-ab76-7334cb7f2b99_1024x10240885.jpg]
[cdn.shopify.com/s/files/1/0248/5823/0872/products/1_e3ba6ded-fdec-4d47-ab76-7334cb7f2b99_compact0885.jpg]
[cdn.shopify.com/s/files/1/0248/5823/0872/products/2_8915e987-aa72-43a2-858e-01764ae6a2f2_1024x10240885.jpg]
[cdn.shopify.com/s/files/1/0248/5823/0872/products/2_8915e987-aa72-43a2-858e-01764ae6a2f2_compact0885.jpg]
[cdn.shopify.com/s/files/1/0248/5823/0872/products/8_e07fe262-8366-4c5a-9da8-731a9ba82aa6_1024x10240885.jpg]
[cdn.shopify.com/s/files/1/0248/5823/0872/products/8_e07fe262-8366-4c5a-9da8-731a9ba82aa6_compact0885.jpg]
[cdn.shopify.com/s/files/1/0248/5823/0872/products/3_1024x1024_66bd5542-6c7a-4492-8633-beb1f2058e52_1024x10240ad9.jpg]
[cdn.shopify.com/s/files/1/0248/5823/0872/products/3_1024x1024_66bd5542-6c7a-4492-8633-beb1f2058e52_compact0ad9.jpg]
[pullman-demo.myshopify.com/products/new-womens-shoes.html]
[cdn.shopify.com/s/files/1/0248/5823/0872/products/2_1024x1024_0f987a17-8db0-4998-8144-cd6afa7055c6_grandefbfe.jpg]
[cdn.shopify.com/s/files/1/0248/5823/0872/products/8_225811e1-d8fb-48eb-be45-ebdcdd50b8f3_grande0052.jpg]
[cdn.shopify.com/s/files/1/0248/5823/0872/products/7_bf09ff80-ac12-4c9e-895c-4479741c96f7_grande0052.jpg]
[pullman-demo.myshopify.com/products/sell-mens-slippers.oembed]
[cdn.shopify.com/s/files/1/0248/5823/0872/products/7_bf09ff80-ac12-4c9e-895c-4479741c96f7_1024x10240052.jpg]
[cdn.shopify.com/s/files/1/0248/5823/0872/products/7_bf09ff80-ac12-4c9e-895c-4479741c96f7_compact0052.jpg]
[cdn.shopify.com/s/files/1/0248/5823/0872/products/8_225811e1-d8fb-48eb-be45-ebdcdd50b8f3_1024x10240052.jpg]
[cdn.shopify.com/s/files/1/0248/5823/0872/products/8_225811e1-d8fb-48eb-be45-ebdcdd50b8f3_compact0052.jpg]
[cdn.shopify.com/s/files/1/0248/5823/0872/products/2_1024x1024_0f987a17-8db0-4998-8144-cd6afa7055c6_1024x1024fbfe.jpg]
[cdn.shopify.com/s/files/1/0248/5823/0872/products/2_1024x1024_0f987a17-8db0-4998-8144-cd6afa7055c6_compactfbfe.jpg]
[cdn.shopify.com/s/files/1/0248/5823/0872/products/1_1024x1024_5449079c-b166-4871-b476-0170a04c859d_1024x1024d6ad.jpg]
[cdn.shopify.com/s/files/1/0248/5823/0872/products/1_1024x1024_5449079c-b166-4871-b476-0170a04c859d_compactd6ad.jpg]
[pullman-demo.myshopify.com/products/sell-mens-slippers.html]
[pullman-demo.myshopify.com/collections/new-arrivals-products.atom]
[pullman-demo.myshopify.com/collections/new-arrivals-products.oembed]
[pullman-demo.myshopify.com/collections/new-arrivals-products/products/product-title-here.html]
[pullman-demo.myshopify.com/collections/new-arrivals-products/products/best-womens-shoes.html]
[pullman-demo.myshopify.com/collections/new-arrivals-products/products/new-womens-shoes.html]
[pullman-demo.myshopify.com/collections/new-arrivals-products/products/red-slippers-man.html]
[pullman-demo.myshopify.com/collections/new-arrivals-products/products/product-title-here-1.html]
[pullman-demo.myshopify.com/collections/new-arrivals-products/products/product-dummy-title-4.html]
[pullman-demo.myshopify.com/collections/new-arrivals-products/products/sell-black-slippers.html]
[pullman-demo.myshopify.com/collections/new-arrivals-products/products/black-leather-slippers.html]
[pullman-demo.myshopify.com/collections/new-arrivals-products/products/product-dummy-title-2.html]
[pullman-demo.myshopify.com/collections/new-arrivals-products.html]
[cdn.shopify.com/s/files/1/0248/5823/0872/products/9_00a996c7-8060-4b08-9067-f12aa3a7545e_grande75a7.jpg]
[cdn.shopify.com/s/files/1/0248/5823/0872/products/5_686a3f2d-e640-4fe8-b2ef-f4b72e4035f1_grande75a7.jpg]
[pullman-demo.myshopify.com/collections/new-arrivals-products/products/product-title-here-2.html]
[cdn.shopify.com/s/files/1/0248/5823/0872/products/6_a863f304-ec9f-4792-9425-a0d90024d265_grande75a7.jpg]
[pullman-demo.myshopify.com/products/green-shoes.oembed]
[cdn.shopify.com/s/files/1/0248/5823/0872/products/6_a863f304-ec9f-4792-9425-a0d90024d265_1024x102475a7.jpg]
[cdn.shopify.com/s/files/1/0248/5823/0872/products/6_a863f304-ec9f-4792-9425-a0d90024d265_compact75a7.jpg]
[cdn.shopify.com/s/files/1/0248/5823/0872/products/5_686a3f2d-e640-4fe8-b2ef-f4b72e4035f1_1024x102475a7.jpg]
[cdn.shopify.com/s/files/1/0248/5823/0872/products/5_686a3f2d-e640-4fe8-b2ef-f4b72e4035f1_compact75a7.jpg]
[cdn.shopify.com/s/files/1/0248/5823/0872/products/9_00a996c7-8060-4b08-9067-f12aa3a7545e_1024x102475a7.jpg]
[cdn.shopify.com/s/files/1/0248/5823/0872/products/9_00a996c7-8060-4b08-9067-f12aa3a7545e_compact75a7.jpg]
[cdn.shopify.com/s/files/1/0248/5823/0872/products/2_1024x1024_6529fdf8-fe0f-4f41-a4d8-1bdcc9b70a69_1024x102475a7.jpg]
[cdn.shopify.com/s/files/1/0248/5823/0872/products/2_1024x1024_6529fdf8-fe0f-4f41-a4d8-1bdcc9b70a69_compact75a7.jpg]
[pullman-demo.myshopify.com/products/green-shoes.html]
[cdn.shopify.com/s/files/1/0248/5823/0872/products/2_1024x1024_34bbd062-a49d-4c7e-9fdb-7bc0ed719619_grandecebd.jpg]
[cdn.shopify.com/s/files/1/0248/5823/0872/products/7_ffd4ced1-d1b3-46cb-bcb9-adb0ed35db5d_grandedd26.jpg]
[cdn.shopify.com/s/files/1/0248/5823/0872/products/1_6bb1ea93-9e55-442a-9d62-b284d58e91ea_grandedd26.jpg]
[pullman-demo.myshopify.com/products/sell-black-slippers.oembed]
[cdn.shopify.com/s/files/1/0248/5823/0872/products/1_6bb1ea93-9e55-442a-9d62-b284d58e91ea_1024x1024dd26.jpg]
[cdn.shopify.com/s/files/1/0248/5823/0872/products/1_6bb1ea93-9e55-442a-9d62-b284d58e91ea_compactdd26.jpg]
[cdn.shopify.com/s/files/1/0248/5823/0872/products/7_ffd4ced1-d1b3-46cb-bcb9-adb0ed35db5d_1024x1024dd26.jpg]
[cdn.shopify.com/s/files/1/0248/5823/0872/products/7_ffd4ced1-d1b3-46cb-bcb9-adb0ed35db5d_compactdd26.jpg]
[cdn.shopify.com/s/files/1/0248/5823/0872/products/2_1024x1024_34bbd062-a49d-4c7e-9fdb-7bc0ed719619_1024x1024cebd.jpg]
[cdn.shopify.com/s/files/1/0248/5823/0872/products/2_1024x1024_34bbd062-a49d-4c7e-9fdb-7bc0ed719619_compactcebd.jpg]
[cdn.shopify.com/s/files/1/0248/5823/0872/products/3_1024x1024_280609e2-db62-4d6f-a211-a48a982b52b5_1024x1024152f.jpg]
[cdn.shopify.com/s/files/1/0248/5823/0872/products/3_1024x1024_280609e2-db62-4d6f-a211-a48a982b52b5_compact152f.jpg]
[pullman-demo.myshopify.com/products/sell-black-slippers.html]
[pullman-demo.myshopify.com/blogs/news.atom]
[pullman-demo.myshopify.com/blogs/news4658.html]
[pullman-demo.myshopify.com/blogs/POST]
[cdn.shopify.com/s/files/1/0248/5823/0872/articles/blog-4_a844aa17-9637-400a-ad3c-cbc331b0b3ca_medium9d01.jpg]
[cdn.shopify.com/s/files/1/0248/5823/0872/articles/blog-3_6a23bef2-3b2f-4aa5-b278-24b6ddb50107_mediumfdc0.jpg]
[cdn.shopify.com/s/files/1/0248/5823/0872/articles/blog-2_7a9351af-3aad-4460-83a7-274f158d36ac_mediumc0dc.jpg]
[pullman-demo.myshopify.com/blogs/news/tagged/news.html]
[pullman-demo.myshopify.com/blogs/news/tagged/staff.html]
[pullman-demo.myshopify.com/blogs/news.html]
[pullman-demo.myshopify.com/blogs/news/tagged/store.html]
[pullman-demo.myshopify.com/pages/POST]
[pullman-demo.myshopify.com/pages/contact-us.html]
[pullman-demo.myshopify.com/collections/featured-products.atom]
[pullman-demo.myshopify.com/collections/featured-products.oembed]
[pullman-demo.myshopify.com/collections/featured-products/products/green-shoes.html]
[pullman-demo.myshopify.com/collections/featured-products/products/red-slippers-man.html]
[pullman-demo.myshopify.com/collections/featured-products/products/new-womens-shoes.html]
[pullman-demo.myshopify.com/collections/featured-products/products/product-title-here-2.html]
[pullman-demo.myshopify.com/collections/featured-products/products/product-dummy-title-3.html]
[pullman-demo.myshopify.com/collections/featured-products.html]
[pullman-demo.myshopify.com/products/11-product-with-video.html]
[pullman-demo.myshopify.com/collections.html]
[pullman-demo.myshopify.com/collections/featured-products/products/black-leather-slippers.html]
[cdn.shopify.com/s/files/1/0248/5823/0872/products/10_grande6baa.jpg]
[cdn.shopify.com/s/files/1/0248/5823/0872/products/5_ebb1031a-391e-4444-830e-c16e08706f34_grande6baa.jpg]
[cdn.shopify.com/s/files/1/0248/5823/0872/products/9_9b6d4afc-d827-4b1f-bb4a-249422400375_grande6baa.jpg]
[pullman-demo.myshopify.com/products/product-title-here-2.oembed]
[cdn.shopify.com/s/files/1/0248/5823/0872/products/9_9b6d4afc-d827-4b1f-bb4a-249422400375_1024x10246baa.jpg]
[cdn.shopify.com/s/files/1/0248/5823/0872/products/9_9b6d4afc-d827-4b1f-bb4a-249422400375_compact6baa.jpg]
[cdn.shopify.com/s/files/1/0248/5823/0872/products/5_ebb1031a-391e-4444-830e-c16e08706f34_1024x10246baa.jpg]
[cdn.shopify.com/s/files/1/0248/5823/0872/products/5_ebb1031a-391e-4444-830e-c16e08706f34_compact6baa.jpg]
[cdn.shopify.com/s/files/1/0248/5823/0872/products/10_1024x10246baa.jpg]
[cdn.shopify.com/s/files/1/0248/5823/0872/products/10_compact6baa.jpg]
[cdn.shopify.com/s/files/1/0248/5823/0872/products/3_1024x1024_db767a49-69dc-43e9-a7f8-6cb0f9924b8b_1024x10247993.jpg]
[cdn.shopify.com/s/files/1/0248/5823/0872/products/3_1024x1024_db767a49-69dc-43e9-a7f8-6cb0f9924b8b_compact7993.jpg]
[pullman-demo.myshopify.com/products/product-title-here-2.html]
[cdn.shopify.com/s/files/1/0248/5823/0872/products/9_grandee2a9.jpg]
[cdn.shopify.com/s/files/1/0248/5823/0872/products/8_grandee2a9.jpg]
[cdn.shopify.com/s/files/1/0248/5823/0872/products/2_572d052c-1962-40f5-8899-fa3ffe064dc8_grandee2a9.jpg]
[pullman-demo.myshopify.com/products/product-dummy-title-3.oembed]
[cdn.shopify.com/s/files/1/0248/5823/0872/products/2_572d052c-1962-40f5-8899-fa3ffe064dc8_1024x1024e2a9.jpg]
[cdn.shopify.com/s/files/1/0248/5823/0872/products/2_572d052c-1962-40f5-8899-fa3ffe064dc8_compacte2a9.jpg]
[cdn.shopify.com/s/files/1/0248/5823/0872/products/8_1024x1024e2a9.jpg]
[cdn.shopify.com/s/files/1/0248/5823/0872/products/8_compacte2a9.jpg]
[cdn.shopify.com/s/files/1/0248/5823/0872/products/9_1024x1024e2a9.jpg]
[cdn.shopify.com/s/files/1/0248/5823/0872/products/9_compacte2a9.jpg]
[cdn.shopify.com/s/files/1/0248/5823/0872/products/2_1024x1024_c7ca8dcb-af5c-43f4-b2be-bcf1d1275c22_1024x1024ae7b.jpg]
[cdn.shopify.com/s/files/1/0248/5823/0872/products/2_1024x1024_c7ca8dcb-af5c-43f4-b2be-bcf1d1275c22_compactae7b.jpg]
[pullman-demo.myshopify.com/products/product-dummy-title-3.html]
[pullman-demo.myshopify.com/blogs/news/POST.1aa.delayed]
[cdn.shopify.com/s/files/1/0248/5823/0872/articles/blog-4_a844aa17-9637-400a-ad3c-cbc331b0b3ca9d01.jpg]
[pullman-demo.myshopify.com/blogs/news/sed-do-eiusmod-tempor.html]
[pullman-demo.myshopify.com/blogs/news/consectetur-adipisicing-elit.html]
[cdn.shopify.com/s/files/1/0248/5823/0872/articles/blog-3_6a23bef2-3b2f-4aa5-b278-24b6ddb50107fdc0.jpg]
[pullman-demo.myshopify.com/blogs/news/sed-do-eiusmod-tempor4658.html]
[cdn.shopify.com/s/files/1/0248/5823/0872/articles/blog-2_7a9351af-3aad-4460-83a7-274f158d36acc0dc.jpg]
[pullman-demo.myshopify.com/blogs/news/this-is-eight-post-xipblog.html]
[cdn.shopify.com/s/files/1/0248/5823/0872/articles/blog-4be00.jpg]
[pullman-demo.myshopify.com/blogs/news/this-is-seventh-post-xipblog.html]
[cdn.shopify.com/s/files/1/0248/5823/0872/articles/blog-3d31f.jpg]
[pullman-demo.myshopify.com/blogs/news/this-is-third-post-xipblog.html]
[cdn.shopify.com/s/files/1/0248/5823/0872/articles/blog-24812.jpg]
[pullman-demo.myshopify.com/blogs/news/this-is-second-post-xipblog.html]
[cdn.shopify.com/s/files/1/0248/5823/0872/articles/blog-13b2a.jpg]
[pullman-demo.myshopify.com/blogs/news/this-is-first-post-xipblog.html]
[cdn.shopify.com/s/files/1/0248/5823/0872/t/2/assets/icons704c.svg]
[cdn.shopify.com/s/files/1/0248/5823/0872/t/2/assets/ico-select704c.svg]
[cdn.shopify.com/s/files/1/0248/5823/0872/t/2/assets/fontawesome-webfont3e6e.svg]
[cdn.shopify.com/s/files/1/0248/5823/0872/t/assets/img/banner/bg_spe.html]
[cdn.shopify.com/s/files/1/0248/5823/0872/t/assets/img/category/cat-bg.html]
[cdn.shopify.com/s/files/1/0248/5823/0872/t/assets/img/category/cat-hover.html]
[cdn.shopify.com/s/files/1/0248/5823/0872/t/2/assets/loading.html]
[pullman-demo.myshopify.com/account/POST.html]
[pullman-demo.myshopify.com/account/register.html]
[pullman-demo.myshopify.com/collections/all2679.html]
[pullman-demo.myshopify.com/collections/all4658.html]
[pullman-demo.myshopify.com/collections/POST.html]
[pullman-demo.myshopify.com/collections/best-seller.atom]
[pullman-demo.myshopify.com/collections/best-seller.oembed]
[pullman-demo.myshopify.com/collections/best-seller/products/new-womens-shoes.html]
[pullman-demo.myshopify.com/collections/best-seller/products/red-slippers-man.html]
[pullman-demo.myshopify.com/collections/best-seller/products/product-dummy-title-4.html]
[pullman-demo.myshopify.com/collections/best-seller/products/product-dummy-title-2.html]
[pullman-demo.myshopify.com/collections/best-seller/products/product-title-here-2.html]
[pullman-demo.myshopify.com/collections/best-seller.html]
[pullman-demo.myshopify.com/collections/best-seller/products/product-dummy-title-3.html]
[pullman-demo.myshopify.com/collections/special-products.atom]
[pullman-demo.myshopify.com/collections/special-products.oembed]
[cdn.shopify.com/s/files/1/0248/5823/0872/collections/bg_speba5a.jpg]
[pullman-demo.myshopify.com/collections/special-products/products/red-shoes-sell.html]
[pullman-demo.myshopify.com/collections/special-products.html]
[pullman-demo.myshopify.com/collections/special-products/products/sell-black-slippers.html]
[pullman-demo.myshopify.com/collections/vendorsb9aa.html]
[pullman-demo.myshopify.com/collections/vendors070d.html]
[pullman-demo.myshopify.com/collections/vendorsd743.html]
[pullman-demo.myshopify.com/collections/vendors97a5.html]
[pullman-demo.myshopify.com/collections/vendors39c9.html]
[pullman-demo.myshopify.com/collections/vendorsdc04.html]
[pullman-demo.myshopify.com/collections/all/red.atom]
[pullman-demo.myshopify.com/collections/all/POST.html]
[pullman-demo.myshopify.com/collections/all/red.html]
[pullman-demo.myshopify.com/collections/all/green.atom]
[pullman-demo.myshopify.com/collections/all/green.html]
[pullman-demo.myshopify.com/collections/all/blue.atom]
[pullman-demo.myshopify.com/collections/all/blue.html]
[pullman-demo.myshopify.com/collections/all/white.atom]
[pullman-demo.myshopify.com/collections/all/white.html]
[pullman-demo.myshopify.com/collections/all/s.atom]
[pullman-demo.myshopify.com/collections/all/s.html]
[pullman-demo.myshopify.com/collections/all/m.atom]
[pullman-demo.myshopify.com/collections/all/m.html]
[pullman-demo.myshopify.com/collections/all/l.atom]
[pullman-demo.myshopify.com/collections/all/l.html]
[cdn.shopify.com/s/files/1/0248/5823/0872/t/4/assets/icons5982.eot]
[cdn.shopify.com/s/files/1/0248/5823/0872/t/4/assets/icons5982.woff]
[cdn.shopify.com/s/files/1/0248/5823/0872/t/4/assets/icons5982.ttf]
[cdn.shopify.com/s/files/1/0248/5823/0872/t/4/assets/icons5982.svg]
[cdn.shopify.com/s/files/1/0248/5823/0872/t/4/assets/ico-select5982.svg]
[cdn.shopify.com/s/files/1/0248/5823/0872/t/4/assets/timber.scss994e.css]
[cdn.shopify.com/s/files/1/0248/5823/0872/t/4/assets/fontawesome-webfont3e6e.woff2]
[cdn.shopify.com/s/files/1/0248/5823/0872/t/4/assets/fontawesome-webfont3e6e.woff]
[cdn.shopify.com/s/files/1/0248/5823/0872/t/4/assets/fontawesome-webfont3e6e.eot]
[cdn.shopify.com/s/files/1/0248/5823/0872/t/4/assets/fontawesome-webfont3e6e.ttf]
[cdn.shopify.com/s/files/1/0248/5823/0872/t/4/assets/fontawesome-webfont3e6e.svg]
[cdn.shopify.com/s/files/1/0248/5823/0872/t/4/assets/all-pluginsb057.css]
[cdn.shopify.com/s/files/1/0248/5823/0872/t/4/assets/cancel.png]
[cdn.shopify.com/s/files/1/0248/5823/0872/t/4/assets/download.png]
[cdn.shopify.com/s/files/1/0248/5823/0872/t/4/assets/style848f.css]
[cdn.shopify.com/s/files/1/0248/5823/0872/t/4/assets/responsive8d1f.html]
[cdn.shopify.com/s/files/1/0248/5823/0872/t/4/assets/fontawesome-webfontd41d.eot]
[cdn.shopify.com/s/files/1/0248/5823/0872/t/4/assets/qcv-arrow-down.png]
[cdn.shopify.com/s/files/1/0248/5823/0872/t/4/assets/loading.gif]
[cdn.shopify.com/s/files/1/0248/5823/0872/t/4/assets/theme-default8815.css]
[cdn.shopify.com/s/files/1/0248/5823/0872/t/4/assets/theme-customeb4f.css]
[cdn.shopify.com/s/files/1/0248/5823/0872/t/4/assets/theme-responsiveb9fc.css]
[cdn.shopify.com/s/files/1/0248/5823/0872/t/4/assets/skin-and-coloreeec.css]
[pullman-demo.myshopify.com/products/POST.html]
[cdn.shopify.com/s/files/1/0248/5823/0872/t/4/compiled_assets/styles8d1f.css]
[cdn.shopify.com/s/files/1/0248/5823/0872/t/4/compiled_assets/scripts8d1f.js]
[cdn.shopify.com/s/global/social/shopify-social.eot]
[cdn.shopify.com/s/global/social/shopify-social.woff]
[cdn.shopify.com/s/global/social/shopify-sociald41d.eot]
[cdn.shopify.com/s/global/social/shopify-social.ttf]
[cdn.shopify.com/s/global/social/shopify-social.svg]
[cdn.shopify.com/s/global/social/social-icons.css]
[pinterest.com/pin/create/button/index3721.html]
[cdn.shopify.com/s/files/1/0248/5823/0872/t/4/assets/fancybox_sprite.png]
[cdn.shopify.com/s/files/1/0248/5823/0872/t/4/assets/fancybox_loading.gif]
[cdn.shopify.com/s/files/1/0248/5823/0872/t/4/assets/blank.gif]
[cdn.shopify.com/s/files/1/0248/5823/0872/t/4/assets/fancybox_overlay.png]
[cdn.shopify.com/s/files/1/0248/5823/0872/t/4/assets/fancybox_sprite@2x.png]
[cdn.shopify.com/s/files/1/0248/5823/0872/t/4/assets/fancybox_loading@2x.gif]
[cdn.shopify.com/s/files/1/0248/5823/0872/t/4/assets/jquery.fancyboxec00.css]
[pullman-demo.myshopify.com/collections/featured-products/products/POST.263.delayed]
[pullman-demo.myshopify.com/collections/featured-products/products/sell-mens-slippers.html]
[pullman-demo.myshopify.com/collections/featured-products/products/product-dummy-title-4.html]
[pullman-demo.myshopify.com/collections/featured-products/products/product-title-here-1.html]
[cdn.shopify.com/s/files/1/0248/5823/0872/t/7/assets/iconsa9b9.eot]
[cdn.shopify.com/s/files/1/0248/5823/0872/t/7/assets/iconsa9b9.woff]
[cdn.shopify.com/s/files/1/0248/5823/0872/t/7/assets/iconsa9b9.ttf]
[cdn.shopify.com/s/files/1/0248/5823/0872/t/7/assets/iconsa9b9.svg]
[cdn.shopify.com/s/files/1/0248/5823/0872/t/7/assets/ico-selecta9b9.svg]
[cdn.shopify.com/s/files/1/0248/5823/0872/t/7/assets/timber.scssdcb0.css]
[cdn.shopify.com/s/files/1/0248/5823/0872/t/7/assets/fontawesome-webfont3e6e.woff2]
[cdn.shopify.com/s/files/1/0248/5823/0872/t/7/assets/fontawesome-webfont3e6e.woff]
[cdn.shopify.com/s/files/1/0248/5823/0872/t/7/assets/fontawesome-webfont3e6e.eot]
[cdn.shopify.com/s/files/1/0248/5823/0872/t/7/assets/fontawesome-webfont3e6e.ttf]
[cdn.shopify.com/s/files/1/0248/5823/0872/t/7/assets/fontawesome-webfont3e6e.svg]
[cdn.shopify.com/s/files/1/0248/5823/0872/t/7/assets/all-pluginsb057.css]
[cdn.shopify.com/s/files/1/0248/5823/0872/t/7/assets/cancel.png]
[cdn.shopify.com/s/files/1/0248/5823/0872/t/7/assets/download.png]
[cdn.shopify.com/s/files/1/0248/5823/0872/t/7/assets/style848f.css]
[cdn.shopify.com/s/files/1/0248/5823/0872/t/7/assets/responsive8d1f.html]
[cdn.shopify.com/s/files/1/0248/5823/0872/t/7/assets/qcv-arrow-down.png]
[cdn.shopify.com/s/files/1/0248/5823/0872/t/7/assets/fontawesome-webfontd41d.eot]
[cdn.shopify.com/s/files/1/0248/5823/0872/t/7/assets/loading.gif]
[cdn.shopify.com/s/files/1/0248/5823/0872/t/7/assets/theme-default8815.css]
[cdn.shopify.com/s/files/1/0248/5823/0872/t/7/assets/theme-customeb4f.css]
[cdn.shopify.com/s/files/1/0248/5823/0872/t/7/assets/theme-rtl604c.css]
[cdn.shopify.com/s/files/1/0248/5823/0872/t/7/assets/theme-responsive863d.css]
[cdn.shopify.com/s/files/1/0248/5823/0872/t/7/assets/skin-and-color94d1.css]
[cdn.shopify.com/s/files/1/0248/5823/0872/t/7/compiled_assets/styles8d1f.css]
[cdn.shopify.com/s/files/1/0248/5823/0872/t/7/compiled_assets/scripts8d1f.js]
[pinterest.com/pin/create/button/indexa7fc.html]
[cdn.shopify.com/s/files/1/0248/5823/0872/t/7/assets/fancybox_sprite.png]
[cdn.shopify.com/s/files/1/0248/5823/0872/t/7/assets/fancybox_loading.gif]
[cdn.shopify.com/s/files/1/0248/5823/0872/t/7/assets/blank.gif]
[cdn.shopify.com/s/files/1/0248/5823/0872/t/7/assets/fancybox_overlay.png]
[cdn.shopify.com/s/files/1/0248/5823/0872/t/7/assets/fancybox_sprite@2x.png]
[cdn.shopify.com/s/files/1/0248/5823/0872/t/7/assets/fancybox_loading@2x.gif]
[cdn.shopify.com/s/files/1/0248/5823/0872/t/7/assets/jquery.fancyboxec00.css]
[pullman-demo.myshopify.com/collections/featured-products/products/best-womens-shoes.html]
[pinterest.com/pin/create/button/indexed92.html]
[pullman-demo.myshopify.com/collections/best-seller/products/POST.279.delayed]
[pullman-demo.myshopify.com/collections/best-seller/products/sell-mens-slippers.html]
[pullman-demo.myshopify.com/collections/best-seller/products/product-title-here.html]
[pullman-demo.myshopify.com/collections/best-seller/products/green-shoes.html]
[pinterest.com/pin/create/button/index58c7.html]
[pullman-demo.myshopify.com/collections/best-seller/products/blue-shoes-sell.html]
[pinterest.com/pin/create/button/index4373.html]
[pinterest.com/pin/create/button/index2d64.html]
[pinterest.com/pin/create/button/index8cfb.html]
[pullman-demo.myshopify.com/collections/special-products/products/POST.27a.delayed]
[pullman-demo.myshopify.com/collections/special-products/products/sell-mens-slippers.html]
[pullman-demo.myshopify.com/collections/special-products/products/blue-shoes-sell.html]
[pullman-demo.myshopify.com/collections/special-products/products/green-shoes.html]
[pinterest.com/pin/create/button/index0ec2.html]
[pinterest.com/pin/create/button/indexe1f1.html]
[pinterest.com/pin/create/button/indexcff5.html]
[pinterest.com/pin/create/button/index50f9.html]
[pullman-demo.myshopify.com/collections/new-arrivals-products/products/POST.27b.delayed]
[pullman-demo.myshopify.com/collections/new-arrivals-products/products/product-title-here.html]
[pullman-demo.myshopify.com/collections/new-arrivals-products/products/best-womens-shoes.html]
[pullman-demo.myshopify.com/collections/new-arrivals-products/products/new-womens-shoes.html]
[pullman-demo.myshopify.com/collections/new-arrivals-products/products/red-slippers-man.html]
[pullman-demo.myshopify.com/collections/new-arrivals-products/products/product-title-here-1.html]
[pullman-demo.myshopify.com/collections/new-arrivals-products/products/product-dummy-title-4.html]
[pullman-demo.myshopify.com/collections/new-arrivals-products/products/sell-black-slippers.html]
[pullman-demo.myshopify.com/collections/new-arrivals-products/products/black-leather-slippers.html]
[pullman-demo.myshopify.com/collections/new-arrivals-products/products/product-dummy-title-2.html]
[pullman-demo.myshopify.com/collections/new-arrivals-products/products/product-title-here-2.html]
[pinterest.com/pin/create/button/indexebc9.html]
[pinterest.com/pin/create/button/index3b2c.html]
[pullman-demo.myshopify.com/blogs/news4658.html]
[pullman-demo.myshopify.com/blogs/POST.html]
[pullman-demo.myshopify.com/blogs/news2679.html]
[pullman-demo.myshopify.com/blogs/news/tagged/POST.27d.delayed]
[pullman-demo.myshopify.com/blogs/news/tagged/news.html]
[pullman-demo.myshopify.com/blogs/news/tagged/staff.html]
[pullman-demo.myshopify.com/blogs/news/tagged/store.html]
[pullman-demo.myshopify.com/pages/POST.html]
[pullman-demo.myshopify.com/collections/featured-products/products/green-shoes.html]
[pullman-demo.myshopify.com/collections/featured-products/products/red-slippers-man.html]
[pullman-demo.myshopify.com/collections/featured-products/products/new-womens-shoes.html]
[pullman-demo.myshopify.com/collections/featured-products/products/product-title-here-2.html]
[pullman-demo.myshopify.com/collections/featured-products/products/product-dummy-title-3.html]
[pullman-demo.myshopify.com/collections/featured-products/products/black-leather-slippers.html]
[pinterest.com/pin/create/button/index2143.html]
[pinterest.com/pin/create/button/index316a.html]
[pullman-demo.myshopify.com/blogs/news/POST.html]
[pinterest.com/pin/create/button/index9eb2.html]
[pullman-demo.myshopify.com/blogs/news/sed-do-eiusmod-tempor4658.html]
[pinterest.com/pin/create/button/index1c69.html]
[pinterest.com/pin/create/button/index7f88.html]
[pinterest.com/pin/create/button/index01bc.html]
[pinterest.com/pin/create/button/indexc71f.html]
[pinterest.com/pin/create/button/indexb7ee.html]
[pinterest.com/pin/create/button/index837e.html]
[pullman-demo.myshopify.com/blogs/news/sed-do-eiusmod-tempor2679.html]
[pullman-demo.myshopify.com/collections/all2679.html]
[pullman-demo.myshopify.com/collections/best-seller/products/new-womens-shoes.html]
[pullman-demo.myshopify.com/collections/best-seller/products/red-slippers-man.html]
[pullman-demo.myshopify.com/collections/best-seller/products/product-dummy-title-4.html]
[pullman-demo.myshopify.com/collections/best-seller/products/product-dummy-title-2.html]
[pullman-demo.myshopify.com/collections/best-seller/products/product-title-here-2.html]
[pullman-demo.myshopify.com/collections/best-seller/products/product-dummy-title-3.html]
[pullman-demo.myshopify.com/collections/special-products/products/red-shoes-sell.html]
[pullman-demo.myshopify.com/collections/special-products/products/sell-black-slippers.html]
[pullman-demo.myshopify.com/collections/vendorsb9aa.html]
[pullman-demo.myshopify.com/collections/vendorsd743.html]
[pullman-demo.myshopify.com/collections/vendors39c9.html]
[pullman-demo.myshopify.com/collections/all/post-2.html]
[pullman-demo.myshopify.com/collections/all/POST.html]
[cdn.shopify.com/s/files/1/0248/5823/0872/t/4/assets/icons5982.svg]
[cdn.shopify.com/s/files/1/0248/5823/0872/t/4/assets/ico-select5982.svg]
[cdn.shopify.com/s/files/1/0248/5823/0872/t/4/assets/fontawesome-webfont3e6e.svg]
[cdn.shopify.com/s/files/1/0248/5823/0872/t/4/assets/loading.html]
[cdn.shopify.com/s/global/social/shopify-social.svg]
[pullman-demo.myshopify.com/collections/all/POST.atom]
[pinterest.com/pin/create/button/index6f77.html]
[pullman-demo.myshopify.com/collections/featured-products/products/POST.html]
[cdn.shopify.com/s/files/1/0248/5823/0872/t/7/assets/iconsa9b9.svg]
[cdn.shopify.com/s/files/1/0248/5823/0872/t/7/assets/ico-selecta9b9.svg]
[cdn.shopify.com/s/files/1/0248/5823/0872/t/7/assets/fontawesome-webfont3e6e.svg]
[cdn.shopify.com/s/files/1/0248/5823/0872/t/7/assets/loading.html]
[pinterest.com/pin/create/button/index9509.html]
[pinterest.com/pin/create/button/index6e88.html]
[pullman-demo.myshopify.com/collections/best-seller/products/POST.html]
[pinterest.com/pin/create/button/index65c3.html]
[pinterest.com/pin/create/button/index2544.html]
[pinterest.com/pin/create/button/index60b7.html]
[pinterest.com/pin/create/button/index0309.html]
[pullman-demo.myshopify.com/collections/special-products/products/POST.html]
[pinterest.com/pin/create/button/indexfbc2.html]
[pinterest.com/pin/create/button/indexfcad.html]
[pinterest.com/pin/create/button/index1427.html]
[pinterest.com/pin/create/button/index5684.html]
[pullman-demo.myshopify.com/collections/new-arrivals-products/products/POST.html]
[pinterest.com/pin/create/button/index6467.html]
[pinterest.com/pin/create/button/index340b.html]
[pullman-demo.myshopify.com/blogs/news2679.html]
[pullman-demo.myshopify.com/blogs/news/tagged/POST.html]
[pinterest.com/pin/create/button/indexe469.html]
[pinterest.com/pin/create/button/indexbf51.html]
[pinterest.com/pin/create/button/indexec9e.html]
[pullman-demo.myshopify.com/blogs/news/sed-do-eiusmod-tempor2679.html]
[pinterest.com/pin/create/button/index036f.html]
[pinterest.com/pin/create/button/index4238.html]
[pinterest.com/pin/create/button/indexf5f9.html]
[pinterest.com/pin/create/button/index62dc.html]
[pinterest.com/pin/create/button/indexde2c.html]
[pinterest.com/pin/create/button/index41b9.html]
[pullman-demo.myshopify.com/collections/all/post-2.html]
[pullman-demo.myshopify.com/collections/all/post-2.atom]
