[huge-shoes.myshopify.com/index.html]
[cdn.shopify.com/s/files/1/1811/9799/t/6/assets/favicon0e88.png]
[backblue.gif]
[fade.gif]
[index.html]
[cdn.shopify.com/s/files/1/1811/9799/t/6/assets/logo4548.png]
[cdn.shopify.com/s/files/1/1811/9799/t/6/assets/timber.scss394a.css]
[cdn.shopify.com/s/files/1/1811/9799/t/6/assets/font-awesome.mina741.css]
[cdn.shopify.com/s/files/1/1811/9799/t/6/assets/material-design-iconic-font.min2720.css]
[cdn.shopify.com/s/files/1/1811/9799/t/6/assets/material-design-iconic-font3e89.css]
[cdn.shopify.com/s/files/1/1811/9799/t/6/assets/animated737.css]
[cdn.shopify.com/s/files/1/1811/9799/t/6/assets/style448e.css]
[cdn.shopify.com/s/files/1/1811/9799/t/6/assets/settings97b4.css]
[huge-shoes.myshopify.com/POST]
[cdn.shopify.com/s/trekkie.storefront.52caef9e3983d5ddf674a506e80d686b62eb86b0.min.js]
[cdn.shopify.com/shopifycloud/boomerang/shopify-boomerang-1.0.0.min.js]
[cdn.shopify.com/shopifycloud/shopify/assets/shop_events_listener-68ba3f1321f00bf07cb78a03841621079812265e950cdccade3463749ea2705e.js]
[cdn.shopify.com/shopifycloud/storefront-recaptcha-v3/v0.1/index.js]
[cdn.shopify.com/shopifycloud/shopify/assets/storefront/load_feature-d8a6f1446d67009c524ed4e68648800ba9082eb75548ee28e1050331cbe7ba28.js]
[cdn.shopify.com/shopifycloud/shopify/assets/storefront/features-87e8399988880142f2c62771b9d8f2ff6c290b3ff745dd426eb0dfe0db9d1dae.js]
[cdn.shopify.com/s/files/1/1811/9799/t/6/compiled_assets/stylesa597.css]
[cdn.shopify.com/s/files/1/1811/9799/t/6/compiled_assets/scriptsa597.js]
[ajax.googleapis.com/ajax/libs/jquery/1.8.1/jquery.min.js]
[cdn.shopify.com/s/files/1/1811/9799/t/6/assets/jquery-cookie.minbdb8.js]
[cdn.shopify.com/s/files/1/1811/9799/t/6/assets/modernizr.min933d.js]
[cdn.shopify.com/s/files/1/1811/9799/t/6/assets/bootstrap.min02fd.js]
[cdn.shopify.com/s/files/1/1811/9799/t/6/assets/loadinga062.gif]
[huge-shoes.myshopify.com/collections.html]
[cdn.shopify.com/s/files/1/1811/9799/collections/megamenu10_mediumdc96.jpg]
[huge-shoes.myshopify.com/collections/mid-waterproof.html]
[cdn.shopify.com/s/files/1/1811/9799/collections/megamenu8_medium9219.jpg]
[huge-shoes.myshopify.com/collections/brogue-shoe.html]
[cdn.shopify.com/s/files/1/1811/9799/collections/megamenu9_mediumd58d.jpg]
[huge-shoes.myshopify.com/collections/firecamp.html]
[cdn.shopify.com/s/files/1/1811/9799/collections/megamenu7_mediumf13b.jpg]
[huge-shoes.myshopify.com/collections/forclaz.html]
[huge-shoes.myshopify.com/collections/all.html]
[huge-shoes.myshopify.com/products/lee-marc-frock.html]
[huge-shoes.myshopify.com/products/cairo-capri-pants.html]
[huge-shoes.myshopify.com/products/formal-shoes-for-men.html]
[huge-shoes.myshopify.com/products/bermuda-shorts.html]
[huge-shoes.myshopify.com/products/boys-polo-shoes.html]
[huge-shoes.myshopify.com/products/daughtry-shorts.html]
[huge-shoes.myshopify.com/products/fleece-sweatshirt.html]
[huge-shoes.myshopify.com/products/lace-knee-length.html]
[huge-shoes.myshopify.com/products/donna-flare-pants.html]
[huge-shoes.myshopify.com/products/endeavor-shorts.html]
[huge-shoes.myshopify.com/products/blazers-waistcoats.html]
[huge-shoes.myshopify.com/products/ladies4zone-dress.html]
[huge-shoes.myshopify.com/products/covered-crew-neck.html]
[cdn.shopify.com/s/files/1/1811/9799/files/dropdown_3_menu_image_1_2000x77c0.jpg]
[huge-shoes.myshopify.com/products/georgette-tunic.html]
[cdn.shopify.com/s/files/1/1811/9799/files/dropdown_3_menu_image_2_2000xf86e.jpg]
[cdn.shopify.com/s/files/1/1811/9799/files/dropdown_3_menu_image_3_2000x38b9.jpg]
[huge-shoes.myshopify.com/collections/hiking-boots.html]
[huge-shoes.myshopify.com/products/juniors-athletic-shoes.html]
[cdn.shopify.com/s/files/1/1811/9799/files/dropdown_4_menu_image_3_2000xe22d.jpg]
[huge-shoes.myshopify.com/products/light-denim-shorts.html]
[huge-shoes.myshopify.com/collections/gym-sneakers.html]
[cdn.shopify.com/s/files/1/1811/9799/files/bottom_5_menu_image_5_2000x8606.jpg]
[huge-shoes.myshopify.com/products/kevin-durant-shoes.html]
[cdn.shopify.com/s/files/1/1811/9799/files/bottom_right_5_menu_image_5_2000xe589.jpg]
[huge-shoes.myshopify.com/blogs/news.html]
[huge-shoes.myshopify.com/pages/about-us.html]
[huge-shoes.myshopify.com/pages/contact.html]
[huge-shoes.myshopify.com/pages/wishlist.html]
[huge-shoes.myshopify.com/search.html]
[huge-shoes.myshopify.com/account/login.html]
[huge-shoes.myshopify.com/account/register.html]
[cdn.shopify.com/s/files/1/1811/9799/t/6/assets/icon-megamenua597.png]
[huge-shoes.myshopify.com/cart.html]
[cdn.shopify.com/s/files/1/1811/9799/files/shoe7b6ae.jpg]
[cdn.shopify.com/s/files/1/1811/9799/files/shoe-bg20eec.jpg]
[cdn.shopify.com/s/files/1/1811/9799/files/shoe8-4d523.png]
[cdn.shopify.com/s/files/1/1811/9799/files/shoe8-3f68b.png]
[cdn.shopify.com/s/files/1/1811/9799/files/shoe8-2_b0f8ccfb-d5d1-4ba5-b412-92227077ed0f523e.png]
[cdn.shopify.com/s/files/1/1811/9799/files/shoe977ab.jpg]
[cdn.shopify.com/s/files/1/1811/9799/t/6/assets/jquery.themepunch.tools.min14f5.js]
[cdn.shopify.com/s/files/1/1811/9799/t/6/assets/jquery.themepunch.revolution.min9abe.js]
[cdn.shopify.com/s/files/1/1811/9799/files/collection3_741e8023-6b0e-49f4-a894-8aa7e4f6c8b7ad49.jpg]
[cdn.shopify.com/s/files/1/1811/9799/files/collection5_47277ffa-efcf-413d-a764-b4b5be9e4e992ea8.jpg]
[cdn.shopify.com/s/files/1/1811/9799/t/6/assets/slider-init5dc9.js]
[cdn.shopify.com/s/files/1/1811/9799/files/collection2_6fd1e403-7021-427d-8be1-8bf857c8aacff880.jpg]
[huge-shoes.myshopify.com/collections/work-boots.html]
[cdn.shopify.com/s/files/1/1811/9799/files/collection4_1d1d931a-3265-4eae-ac45-7e8a9cb3702eded2.jpg]
[huge-shoes.myshopify.com/collections/chukkas.html]
[cdn.shopify.com/s/files/1/1811/9799/files/Shoe_325d7.jpg]
[cdn.shopify.com/s/files/1/1811/9799/files/Shoe_18482.jpg]
[cdn.shopify.com/s/files/1/1811/9799/files/Shoe_2bdf7.jpg]
[huge-shoes.myshopify.com/collections/frontpage/products/georgette-tunic.html]
[cdn.shopify.com/s/files/1/1811/9799/products/shoe2054eb.jpg]
[cdn.shopify.com/s/files/1/1811/9799/products/shoe19e39f.jpg]
[huge-shoes.myshopify.com/georgette-tunic.5a.delayed]
[cdn.shopify.com/s/files/1/1811/9799/products/shoe21_aa15e9bd-a530-4000-b8e6-d30eb48210731745.jpg]
[cdn.shopify.com/s/files/1/1811/9799/products/shoe26_de67b47c-8d95-481f-aa85-268cdc309e4e7331.jpg]
[huge-shoes.myshopify.com/collections/frontpage/products/ladies4zone-dress.html]
[huge-shoes.myshopify.com/ladies4zone-dress]
[cdn.shopify.com/s/files/1/1811/9799/products/shoe17be7a.jpg]
[huge-shoes.myshopify.com/collections/frontpage/products/blazers-waistcoats.html]
[cdn.shopify.com/s/files/1/1811/9799/products/shoe20_c19cffd2-3ed5-41bf-bf2d-86046aaf06ab2683.jpg]
[huge-shoes.myshopify.com/blazers-waistcoats]
[cdn.shopify.com/s/files/1/1811/9799/products/shoe276826.jpg]
[huge-shoes.myshopify.com/collections/frontpage/products/lee-marc-frock.html]
[cdn.shopify.com/s/files/1/1811/9799/products/shoe181bcf.jpg]
[huge-shoes.myshopify.com/lee-marc-frock]
[cdn.shopify.com/s/files/1/1811/9799/products/shoe6_13eed6bb-c314-4c13-ae99-15a0833f1077b33e.jpg]
[huge-shoes.myshopify.com/collections/frontpage/products/endeavor-shorts.html]
[cdn.shopify.com/s/files/1/1811/9799/products/shoe25_2b59f812-76f2-448b-8835-d7ad151027e4cd19.jpg]
[huge-shoes.myshopify.com/endeavor-shorts]
[cdn.shopify.com/s/files/1/1811/9799/products/shoe4_adb694bb-d905-40e4-a7ff-7d9150638b933696.jpg]
[huge-shoes.myshopify.com/collections/frontpage/products/bermuda-shorts.html]
[cdn.shopify.com/s/files/1/1811/9799/products/shoe22_48464579-a7fe-40ba-ad66-8c6aa7ef2bb1dba5.jpg]
[huge-shoes.myshopify.com/bermuda-shorts]
[cdn.shopify.com/s/files/1/1811/9799/products/shoe12_3ce5bae7-ad13-4636-873c-0498e9179dd11e7f.jpg]
[huge-shoes.myshopify.com/collections/frontpage/products/fleece-sweatshirt.html]
[cdn.shopify.com/s/files/1/1811/9799/products/shoe24_e6691333-f78c-42b2-9cc9-c494d3e84d0f1e7f.jpg]
[huge-shoes.myshopify.com/fleece-sweatshirt]
[huge-shoes.myshopify.com/collections/frontpage/products/covered-crew-neck.html]
[cdn.shopify.com/s/files/1/1811/9799/products/shoe16_9887b0a3-2a5e-4611-a15f-fb10959ae0bc3d5c.jpg]
[cdn.shopify.com/s/files/1/1811/9799/products/shoe14_608141c6-f805-4374-aee5-65a7b34f6d513d5c.jpg]
[huge-shoes.myshopify.com/covered-crew-neck]
[cdn.shopify.com/s/files/1/1811/9799/files/banner-125c5.jpg]
[huge-shoes.myshopify.com/collections/tab-collection/products/zapatos-dg-mercadolibre.html]
[cdn.shopify.com/s/files/1/1811/9799/products/shoe12_968efbaa-1956-4621-93d2-1f1f8fdc3d11ba62.jpg]
[cdn.shopify.com/s/files/1/1811/9799/products/shoe9_8a5e5186-31f5-47cb-a8cf-fecf2349bed7fe37.jpg]
[huge-shoes.myshopify.com/products/zapatos-dg-mercadolibre.html]
[huge-shoes.myshopify.com/zapatos-dg-mercadolibre.7c.delayed]
[cdn.shopify.com/s/files/1/1811/9799/products/shoe1_cfcb6e4c-151f-46ee-bc34-3a892f7941861255.jpg]
[huge-shoes.myshopify.com/collections/tab-collection/products/electric-watch.html]
[cdn.shopify.com/s/files/1/1811/9799/products/shoe151255.jpg]
[huge-shoes.myshopify.com/products/electric-watch.html]
[huge-shoes.myshopify.com/electric-watch]
[cdn.shopify.com/s/files/1/1811/9799/products/shoe5_5008bddd-b8ea-4eb6-b9a6-93ec50c62c393196.jpg]
[huge-shoes.myshopify.com/collections/tab-collection/products/galaxy-shorts-1.html]
[cdn.shopify.com/s/files/1/1811/9799/products/shoe23_5444b0e6-72c7-450c-aab6-081a70660dcddb7b.jpg]
[huge-shoes.myshopify.com/products/galaxy-shorts-1.html]
[huge-shoes.myshopify.com/galaxy-shorts-1.86.delayed]
[cdn.shopify.com/s/files/1/1811/9799/products/shoe12e46c.jpg]
[cdn.shopify.com/s/files/1/1811/9799/products/shoe71130.jpg]
[huge-shoes.myshopify.com/collections/tab-collection/products/light-denim-shorts.html]
[huge-shoes.myshopify.com/light-denim-shorts]
[cdn.shopify.com/s/files/1/1811/9799/products/shoe30d9a.jpg]
[huge-shoes.myshopify.com/collections/tab-collection/products/lines-of-fashion.html]
[cdn.shopify.com/s/files/1/1811/9799/products/shoe210d9a.jpg]
[huge-shoes.myshopify.com/products/lines-of-fashion.html]
[huge-shoes.myshopify.com/lines-of-fashion.8f.delayed]
[cdn.shopify.com/s/files/1/1811/9799/products/shoe2_d912f723-68c8-4966-98a8-59212e18afe4e471.jpg]
[cdn.shopify.com/s/files/1/1811/9799/products/shoe9_0926fd04-01c0-4c74-b158-0fc24171828fe471.jpg]
[huge-shoes.myshopify.com/collections/tab-collection/products/body-blouse-shirt.html]
[huge-shoes.myshopify.com/products/body-blouse-shirt.html]
[huge-shoes.myshopify.com/body-blouse-shirt.94.delayed]
[cdn.shopify.com/s/files/1/1811/9799/products/shoe17_a234f8d7-6358-468b-a996-52474ea436c4a3ef.jpg]
[cdn.shopify.com/s/files/1/1811/9799/products/shoe139b47.jpg]
[huge-shoes.myshopify.com/collections/tab-collection/products/lace-knee-length.html]
[huge-shoes.myshopify.com/lace-knee-length]
[cdn.shopify.com/s/files/1/1811/9799/products/shoe6_7ceb3af7-ec37-44e1-9d9a-7b8d68757eb0302a.jpg]
[cdn.shopify.com/s/files/1/1811/9799/products/shoe5_90c6fa1d-1bf9-46f3-b538-2de82f0c8095cd12.jpg]
[huge-shoes.myshopify.com/collections/tab-collection/products/daughtry-shorts.html]
[huge-shoes.myshopify.com/daughtry-shorts]
[cdn.shopify.com/s/files/1/1811/9799/products/shoe4_7736255a-d2c6-4cf1-afd8-95c1e735eb973057.jpg]
[huge-shoes.myshopify.com/collections/tab-collection/products/donna-flare-pants.html]
[cdn.shopify.com/s/files/1/1811/9799/products/shoe11aa16.jpg]
[huge-shoes.myshopify.com/donna-flare-pants]
[cdn.shopify.com/s/files/1/1811/9799/products/shoe25_2b9a4ac0-54e3-4141-a0cd-3d7936bd40ef45c2.jpg]
[huge-shoes.myshopify.com/collections/tab-collection/products/galaxy-shorts.html]
[cdn.shopify.com/s/files/1/1811/9799/products/shoe12_d236d83f-7f25-4d9e-b156-5131fead58c645c2.jpg]
[huge-shoes.myshopify.com/products/galaxy-shorts.html]
[huge-shoes.myshopify.com/galaxy-shorts.a5.delayed]
[cdn.shopify.com/s/files/1/1811/9799/files/footer-logo_400x03a7.png]
[cdn.shopify.com/s/files/1/1811/9799/files/payment_icon_2_small_small_e2581f42-b9bd-4640-b8c3-e218d4ef1235_smallfa9c.png]
[cdn.shopify.com/s/files/1/1811/9799/files/payment_icon_3_small_1_small_c1ca3553-ad7e-44e6-a160-d9b1630c963b_small1b2b.png]
[cdn.shopify.com/s/files/1/1811/9799/files/payment_icon_4_small_small_38f1cf55-e591-4a20-ba86-ab5904d53684_small690c.png]
[cdn.shopify.com/s/files/1/1811/9799/files/payment_icon_5_small_small_624b5776-adbd-48a2-a8d8-87159b082ee8_smalld2fd.png]
[cdn.shopify.com/s/files/1/1811/9799/files/payment_icon_6_small_small_fdebd26b-81f9-44ec-89f0-24c5467b7a83_small7a58.png]
[cdn.shopify.com/s/files/1/1811/9799/t/6/assets/jquery.inviewc3da.js]
[cdn.shopify.com/s/files/1/1811/9799/t/6/assets/timber6388.js]
[cdn.shopify.com/s/files/1/1811/9799/t/6/assets/jquery-easing-1.3f367.js]
[cdn.shopify.com/s/files/1/1811/9799/t/6/assets/theme10bd.js]
[cdn.shopify.com/shopifycloud/shopify/assets/themes_support/option_selection-fe6b72c2bbdd3369ac0bfefe8648e3c889efca213baefd4cfb0dd9363563831f.js]
[cdn.shopify.com/shopifycloud/shopify/assets/themes_support/api.jquery-e94e010e92e659b566dbc436fdfe5242764380e00398907a14955ba301a4749f.js]
[cdn.shopify.com/s/files/1/1811/9799/t/6/assets/jquery.history9e56.js]
[cdn.shopify.com/s/files/1/1811/9799/t/6/assets/jquery-ui-totopde3e.js]
[cdn.shopify.com/s/files/1/1811/9799/t/6/assets/owl.carousel.min8b2c.js]
[cdn.shopify.com/s/files/1/1811/9799/t/6/assets/jquery.tabs.min41c8.js]
[cdn.shopify.com/s/files/1/1811/9799/t/6/assets/shop2a48.js]
[cdn.shopify.com/s/files/1/1811/9799/t/6/assets/countdown72b3.js]
[cdn.shopify.com/s/javascripts/currencies.js]
[cdn.shopify.com/s/files/1/1811/9799/t/6/assets/jquery.fancybox9be8.js]
[cdn.shopify.com/s/files/1/1811/9799/t/6/assets/jquery.elevatezoomd3c7.js]
[cdn.shopify.com/s/files/1/1811/9799/t/6/assets/jquery.currencies.minb15e.js]
[cdn.shopify.com/s/files/1/1811/9799/t/6/assets/wow6fc4.js]
[cdn.shopify.com/s/files/1/1811/9799/t/6/assets/classie5fc9.js]
[cdn.shopify.com/s/files/1/1811/9799/t/6/assets/latest-productsb72b.js]
[cdn.shopify.com/s/files/1/1811/9799/t/6/assets/uisearch8a32.js]
[huge-shoes.myshopify.com/index.html]
[cdn.shopify.com/s/files/1/1811/9799/t/6/assets/ico-selectf30c.svg]
[cdn.shopify.com/s/files/1/1811/9799/t/6/assets/iconscfec.eot]
[cdn.shopify.com/s/files/1/1811/9799/t/6/assets/iconscfec.woff]
[cdn.shopify.com/s/files/1/1811/9799/t/6/assets/iconscfec.ttf]
[cdn.shopify.com/s/files/1/1811/9799/t/6/assets/iconscfec.svg]
[cdn.shopify.com/s/files/1/1811/9799/t/6/assets/top_to_btmf6be.png]
[cdn.shopify.com/s/files/1/1811/9799/t/6/assets/arrow.png]
[cdn.shopify.com/s/files/1/1811/9799/t/6/assets/contact_bg_imgcfec.png]
[cdn.shopify.com/s/files/1/1811/9799/t/6/assets/product-arrow0cd1.png]
[cdn.shopify.com/s/files/1/1811/9799/t/6/assets/hover-Close7ba9.png]
[cdn.shopify.com/s/files/1/1811/9799/t/6/assets/montserrat-light-webfont.woff2]
[cdn.shopify.com/s/files/1/1811/9799/t/6/assets/montserrat-light-webfont.woff]
[cdn.shopify.com/s/files/1/1811/9799/t/6/assets/currency_188fe.png]
[cdn.shopify.com/s/files/1/1811/9799/t/6/assets/currency_26439.png]
[cdn.shopify.com/s/files/1/1811/9799/t/6/assets/currency_34a35.png]
[cdn.shopify.com/s/files/1/1811/9799/t/6/assets/currency_43d93.png]
[cdn.shopify.com/s/files/1/1811/9799/t/6/assets/currency_58e8e.png]
[cdn.shopify.com/s/files/1/1811/9799/t/6/assets/currency_6cfec.png]
[cdn.shopify.com/s/files/1/1811/9799/t/6/assets/currency_7cfec.png]
[cdn.shopify.com/s/files/1/1811/9799/t/6/assets/currency_8cfec.png]
[cdn.shopify.com/s/files/1/1811/9799/t/6/assets/currency_9cfec.png]
[cdn.shopify.com/s/files/1/1811/9799/t/6/assets/currency_10cfec.png]
[cdn.shopify.com/s/files/1/1811/9799/t/6/assets/icon-menu-up.png]
[cdn.shopify.com/s/files/1/1811/9799/t/6/assets/timber.scss394a.css]
[cdn.shopify.com/s/files/1/1811/9799/t/6/assets/fontawesome-webfont3295.woff2]
[cdn.shopify.com/s/files/1/1811/9799/t/6/assets/fontawesome-webfont3295.woff]
[cdn.shopify.com/s/files/1/1811/9799/t/6/assets/fontawesome-webfont3295.eot]
[cdn.shopify.com/s/files/1/1811/9799/t/6/assets/fontawesome-webfont3295.ttf]
[cdn.shopify.com/s/files/1/1811/9799/t/6/assets/fontawesome-webfontd41d.eot]
[cdn.shopify.com/s/files/1/1811/9799/t/6/assets/fontawesome-webfont3295.svg]
[cdn.shopify.com/s/files/1/1811/9799/t/6/assets/font-awesome.mina741.css]
[cdn.shopify.com/s/files/1/1811/9799/t/6/assets/Material-Design-Iconic-Fontd1f1.woff2]
[cdn.shopify.com/s/files/1/1811/9799/t/6/assets/Material-Design-Iconic-Fontd1f1.woff]
[cdn.shopify.com/s/files/1/1811/9799/t/6/assets/Material-Design-Iconic-Fontd1f1.ttf]
[cdn.shopify.com/s/files/1/1811/9799/t/6/assets/material-design-iconic-font.min2720.css]
[cdn.shopify.com/s/files/1/1811/9799/t/6/assets/material-design-iconic-font3e89.css]
[cdn.shopify.com/s/files/1/1811/9799/t/6/assets/animated737.css]
[cdn.shopify.com/s/files/1/1811/9799/t/6/assets/icomoon.eot]
[cdn.shopify.com/s/files/1/1811/9799/t/6/assets/icomoond41d.eot]
[cdn.shopify.com/s/files/1/1811/9799/t/6/assets/icomoon.woff]
[cdn.shopify.com/s/files/1/1811/9799/t/6/assets/icomoon.ttf]
[cdn.shopify.com/s/files/1/1811/9799/t/6/assets/icomoon.svg]
[cdn.shopify.com/s/files/1/1811/9799/t/6/assets/loading.gif]
[cdn.shopify.com/s/files/1/1811/9799/t/6/assets/hover3ef9.png]
[cdn.shopify.com/s/files/1/1811/9799/t/6/assets/full-width-brilliance58a2.jpg]
[cdn.shopify.com/s/files/1/1811/9799/t/6/assets/controlsce7f.png]
[cdn.shopify.com/s/files/1/1811/9799/t/6/assets/16020_futuram-webfont.woff2]
[cdn.shopify.com/s/files/1/1811/9799/t/6/assets/16020_futuram-webfont.woff]
[cdn.shopify.com/s/files/1/1811/9799/t/6/assets/futura_bk_bt_book-webfont.woff2]
[cdn.shopify.com/s/files/1/1811/9799/t/6/assets/futura_bk_bt_book-webfont.woff]
[cdn.shopify.com/s/files/1/1811/9799/t/6/assets/tt0144m-webfont.ed.delayed]
[cdn.shopify.com/s/files/1/1811/9799/t/6/assets/tt0144m-webfont.woff]
[cdn.shopify.com/s/files/1/1811/9799/t/6/assets/ufonts.com_futura-medium-webfont.woff2]
[cdn.shopify.com/s/files/1/1811/9799/t/6/assets/ufonts.com_futura-medium-webfont.woff]
[cdn.shopify.com/s/files/1/1811/9799/t/6/assets/ufonts.com_futura-lt-book-webfont.woff2]
[cdn.shopify.com/s/files/1/1811/9799/t/6/assets/ufonts.com_futura-lt-book-webfont.woff]
[cdn.shopify.com/s/files/1/1811/9799/t/6/assets/grabbing.png]
[cdn.shopify.com/s/files/1/1811/9799/t/6/assets/thumb-arrow-car.png]
[cdn.shopify.com/s/files/1/1811/9799/t/6/assets/AjaxLoader.gif]
[cdn.shopify.com/s/files/1/1811/9799/t/6/assets/Simple-Line-Iconsb26c.woff2]
[cdn.shopify.com/s/files/1/1811/9799/t/6/assets/Simple-Line-Iconsb26c.ttf]
[cdn.shopify.com/s/files/1/1811/9799/t/6/assets/Simple-Line-Iconsb26c.woff]
[cdn.shopify.com/s/files/1/1811/9799/t/6/assets/Simple-Line-Iconsb26c.eot]
[cdn.shopify.com/s/files/1/1811/9799/t/6/assets/Simple-Line-Iconsb26c.svg]
[cdn.shopify.com/s/files/1/1811/9799/t/6/assets/fancybox.png]
[cdn.shopify.com/s/files/1/1811/9799/t/6/assets/fancybox-x.png]
[cdn.shopify.com/s/files/1/1811/9799/t/6/assets/style448e.css]
[cdn.shopify.com/s/files/1/1811/9799/t/6/assets/revicons90c6.woff]
[cdn.shopify.com/s/files/1/1811/9799/t/6/assets/revicons90c6.eot]
[cdn.shopify.com/s/files/1/1811/9799/t/6/assets/revicons90c6.ttf]
[cdn.shopify.com/s/files/1/1811/9799/t/6/assets/revicons90c6.svg]
[cdn.shopify.com/s/files/1/1811/9799/t/6/assets/openhand.cur]
[cdn.shopify.com/s/files/1/1811/9799/t/6/assets/closedhand.cur]
[cdn.shopify.com/s/files/1/1811/9799/t/6/assets/gridtile.png]
[cdn.shopify.com/s/files/1/1811/9799/t/6/assets/gridtile_white.png]
[cdn.shopify.com/s/files/1/1811/9799/t/6/assets/gridtile_3x3.png]
[cdn.shopify.com/s/files/1/1811/9799/t/6/assets/gridtile_3x3_white.png]
[cdn.shopify.com/s/files/1/1811/9799/t/6/assets/coloredbg.png]
[cdn.shopify.com/s/files/1/1811/9799/t/6/assets/loader.gif]
[cdn.shopify.com/s/files/1/1811/9799/t/6/assets/Pe-icon-7-strokebb1d.eot]
[cdn.shopify.com/s/files/1/1811/9799/t/6/assets/Pe-icon-7-stroked41d.eot]
[cdn.shopify.com/s/files/1/1811/9799/t/6/assets/Pe-icon-7-strokebb1d.woff]
[cdn.shopify.com/s/files/1/1811/9799/t/6/assets/Pe-icon-7-strokebb1d.ttf]
[cdn.shopify.com/s/files/1/1811/9799/t/6/assets/Pe-icon-7-strokebb1d.svg]
[cdn.shopify.com/s/files/1/1811/9799/t/6/assets/settings97b4.css]
[huge-shoes.myshopify.com/POST.html]
[cdn.shopify.com/s/files/1/1811/9799/t/6/compiled_assets/stylesa597.css]
[cdn.shopify.com/s/files/1/1811/9799/products/shoe9_8a5e5186-31f5-47cb-a8cf-fecf2349bed7_largefe37.jpg]
[cdn.shopify.com/s/files/1/1811/9799/products/shoe6_c38a49bd-8167-466b-ba60-15703c8f8b12_large2c69.jpg]
[cdn.shopify.com/s/files/1/1811/9799/products/shoe14_608141c6-f805-4374-aee5-65a7b34f6d51_large3d5c.jpg]
[cdn.shopify.com/s/files/1/1811/9799/products/shoe9_0926fd04-01c0-4c74-b158-0fc24171828f_largee471.jpg]
[huge-shoes.myshopify.com/collections.html]
[huge-shoes.myshopify.com/collections/tab-collection.html]
[huge-shoes.myshopify.com/collections/mid-waterproof.atom]
[huge-shoes.myshopify.com/collections/mid-waterproof.oembed]
[huge-shoes.myshopify.com/collections/POST]
[cdn.shopify.com/s/files/1/1811/9799/products/shoe19_mediume39f.jpg]
[cdn.shopify.com/s/files/1/1811/9799/products/shoe26_de67b47c-8d95-481f-aa85-268cdc309e4e_medium7331.jpg]
[cdn.shopify.com/s/files/1/1811/9799/products/shoe20_c19cffd2-3ed5-41bf-bf2d-86046aaf06ab_medium2683.jpg]
[cdn.shopify.com/s/files/1/1811/9799/products/shoe18_medium1bcf.jpg]
[cdn.shopify.com/s/files/1/1811/9799/products/shoe25_2b59f812-76f2-448b-8835-d7ad151027e4_mediumcd19.jpg]
[cdn.shopify.com/s/files/1/1811/9799/products/shoe22_48464579-a7fe-40ba-ad66-8c6aa7ef2bb1_mediumdba5.jpg]
[cdn.shopify.com/s/files/1/1811/9799/products/shoe24_e6691333-f78c-42b2-9cc9-c494d3e84d0f_medium1e7f.jpg]
[cdn.shopify.com/s/files/1/1811/9799/products/shoe14_608141c6-f805-4374-aee5-65a7b34f6d51_medium3d5c.jpg]
[huge-shoes.myshopify.com/collections/grid]
[huge-shoes.myshopify.com/collections/list]
[huge-shoes.myshopify.com/collections/manual]
[huge-shoes.myshopify.com/collections/price-ascending]
[huge-shoes.myshopify.com/collections/price-descending]
[huge-shoes.myshopify.com/collections/title-ascending]
[huge-shoes.myshopify.com/collections/title-descending]
[huge-shoes.myshopify.com/collections/created-ascending]
[huge-shoes.myshopify.com/collections/created-descending]
[huge-shoes.myshopify.com/collections/best-selling]
[huge-shoes.myshopify.com/collections/12]
[huge-shoes.myshopify.com/collections/24]
[huge-shoes.myshopify.com/collections/36]
[huge-shoes.myshopify.com/collections/mid-waterproof.html]
[huge-shoes.myshopify.com/collections/brogue-shoe.atom]
[huge-shoes.myshopify.com/collections/brogue-shoe.oembed]
[huge-shoes.myshopify.com/collections/brogue-shoe.html]
[huge-shoes.myshopify.com/collections/firecamp.atom]
[huge-shoes.myshopify.com/collections/firecamp.oembed]
[huge-shoes.myshopify.com/collections/firecamp.html]
[huge-shoes.myshopify.com/collections/forclaz.atom]
[huge-shoes.myshopify.com/collections/forclaz.oembed]
[huge-shoes.myshopify.com/collections/forclaz.html]
[huge-shoes.myshopify.com/collections/all.atom]
[cdn.shopify.com/s/files/1/1811/9799/files/red_cae75794-1f61-409b-a92b-ad385d6ff548_50x2bc7.png]
[huge-shoes.myshopify.com/collections/all4658.html]
[cdn.shopify.com/s/files/1/1811/9799/files/black_7de76c02-1d5a-465d-906c-e6fac48f4ecc_50xc5c0.png]
[cdn.shopify.com/s/files/1/1811/9799/files/silver_19fcbc0c-2f82-4726-b8be-36ce228f0123_50x2989.png]
[cdn.shopify.com/s/files/1/1811/9799/files/white_fb7fe921-693e-4f68-aa70-1e5ef2a6a682_50xf7ed.png]
[huge-shoes.myshopify.com/collections/galaxy-shorts]
[huge-shoes.myshopify.com/collections/lines-of-fashion]
[huge-shoes.myshopify.com/collections/georgette-tunic]
[huge-shoes.myshopify.com/collections/electric-watch]
[huge-shoes.myshopify.com/collections/donna-flare-pants]
[cdn.shopify.com/s/files/1/1811/9799/products/shoe12_d26d2aac-3207-4f38-9c75-11b2518b6beeec23.jpg]
[cdn.shopify.com/s/files/1/1811/9799/products/shoe10_2bf3b8d8-15dd-4fa9-9550-5701b9fafd74e999.jpg]
[huge-shoes.myshopify.com/collections/boys-polo-shoes]
[huge-shoes.myshopify.com/collections/light-denim-shorts]
[huge-shoes.myshopify.com/collections/ladies4zone-dress]
[huge-shoes.myshopify.com/collections/blazers-waistcoats]
[huge-shoes.myshopify.com/collections/lee-marc-frock]
[huge-shoes.myshopify.com/collections/endeavor-shorts]
[huge-shoes.myshopify.com/collections/bermuda-shorts]
[huge-shoes.myshopify.com/collections/all.html]
[huge-shoes.myshopify.com/collections/all9ba9.html]
[cdn.shopify.com/s/files/1/1811/9799/products/shoe18_grande1bcf.jpg]
[cdn.shopify.com/s/files/1/1811/9799/products/shoe9_grandef4fb.jpg]
[cdn.shopify.com/s/files/1/1811/9799/products/shoe27_grande6826.jpg]
[huge-shoes.myshopify.com/products/lee-marc-frock.oembed]
[huge-shoes.myshopify.com/products/POST.1b2.delayed]
[ws.sharethis.com/button/buttons.js]
[cdn.shopify.com/s/files/1/1811/9799/products/shoe18_compact1bcf.jpg]
[cdn.shopify.com/s/files/1/1811/9799/products/shoe9f4fb.jpg]
[cdn.shopify.com/s/files/1/1811/9799/products/shoe9_compactf4fb.jpg]
[cdn.shopify.com/s/files/1/1811/9799/products/shoe27_compact6826.jpg]
[cdn.shopify.com/s/files/1/1811/9799/files/sandala597.png]
[cdn.shopify.com/s/files/1/1811/9799/t/6/assets/soldout0c13.png]
[cdn.shopify.com/s/files/1/1811/9799/files/brownae35.png]
[cdn.shopify.com/s/files/1/1811/9799/files/black00ee.png]
[s7.addthis.com/js/300/addthis_widget.js]
[huge-shoes.myshopify.com/collections/hiking-boots/products/covered-crew-neck.html]
[huge-shoes.myshopify.com/collections/hiking-boots/products/galaxy-shorts.html]
[huge-shoes.myshopify.com/collections/hiking-boots/products/electric-watch.html]
[cdn.shopify.com/s/files/1/1811/9799/products/shoe17_4894bc70-1122-4740-8c89-dd2dbf5398cdce27.jpg]
[cdn.shopify.com/s/files/1/1811/9799/products/shoe11_e0a69d33-e768-464e-bedc-d33dc95f9d3ba066.jpg]
[huge-shoes.myshopify.com/collections/hiking-boots/products/juniors-athletic-shoes.html]
[cdn.shopify.com/s/files/1/1811/9799/products/shoe6_a2351171-5c76-4def-9b99-f8e3cea5a128f8c6.jpg]
[huge-shoes.myshopify.com/collections/hiking-boots/products/vans-black-canvas-shoes.html]
[cdn.shopify.com/s/files/1/1811/9799/products/shoe27_7b8e2b75-09bf-4e91-aedf-38070d011f7830c7.jpg]
[huge-shoes.myshopify.com/products/vans-black-canvas-shoes.html]
[cdn.shopify.com/s/files/1/1811/9799/products/shoe27_6147ae60-2bb5-4aea-84dd-5398c85647732a66.jpg]
[cdn.shopify.com/s/files/1/1811/9799/products/shoe23886.jpg]
[huge-shoes.myshopify.com/collections/hiking-boots/products/new-mens-running-shoes.html]
[huge-shoes.myshopify.com/products/new-mens-running-shoes.html]
[cdn.shopify.com/s/files/1/1811/9799/t/6/assets/social-buttonsa4c8.js]
[huge-shoes.myshopify.com/products/lee-marc-frock.html]
[cdn.shopify.com/s/files/1/1811/9799/products/shoe1_grande9c14.jpg]
[huge-shoes.myshopify.com/collections/hiking-boots/products/boys-polo-shoes.html]
[cdn.shopify.com/s/files/1/1811/9799/products/shoe25_grandea7eb.jpg]
[cdn.shopify.com/s/files/1/1811/9799/products/shoe24_granded29e.jpg]
[cdn.shopify.com/s/files/1/1811/9799/products/shoe1_medium9c14.jpg]
[huge-shoes.myshopify.com/products/cairo-capri-pants.oembed]
[cdn.shopify.com/s/files/1/1811/9799/products/shoe19c14.jpg]
[cdn.shopify.com/s/files/1/1811/9799/products/shoe1_compact9c14.jpg]
[cdn.shopify.com/s/files/1/1811/9799/products/shoe25a7eb.jpg]
[cdn.shopify.com/s/files/1/1811/9799/products/shoe25_compacta7eb.jpg]
[cdn.shopify.com/s/files/1/1811/9799/products/shoe24d29e.jpg]
[cdn.shopify.com/s/files/1/1811/9799/products/shoe24_compactd29e.jpg]
[cdn.shopify.com/s/files/1/1811/9799/files/whitef244.png]
[huge-shoes.myshopify.com/collections/work-boots/products/body-blouse-shirt.html]
[cdn.shopify.com/s/files/1/1811/9799/products/shoe6_dfb884a0-e712-4021-9f75-a3645e22d1cf36e3.jpg]
[cdn.shopify.com/s/files/1/1811/9799/products/shoe17_8902fcc9-848b-4476-874d-36c0ac8b61951878.jpg]
[huge-shoes.myshopify.com/collections/work-boots/products/formal-shoes-for-men.html]
[huge-shoes.myshopify.com/collections/work-boots/products/endeavor-shorts.html]
[huge-shoes.myshopify.com/collections/work-boots/products/ladies4zone-dress.html]
[huge-shoes.myshopify.com/products/cairo-capri-pants.html]
[cdn.shopify.com/s/files/1/1811/9799/products/shoe17_8902fcc9-848b-4476-874d-36c0ac8b6195_grande1878.jpg]
[cdn.shopify.com/s/files/1/1811/9799/products/shoe20_30ea2aa8-57cb-4a4a-aa82-3aa14f179fce_grande85d8.jpg]
[cdn.shopify.com/s/files/1/1811/9799/products/shoe6_dfb884a0-e712-4021-9f75-a3645e22d1cf_grande36e3.jpg]
[huge-shoes.myshopify.com/collections/work-boots/products/georgette-tunic.html]
[cdn.shopify.com/s/files/1/1811/9799/products/shoe17_8902fcc9-848b-4476-874d-36c0ac8b6195_medium1878.jpg]
[huge-shoes.myshopify.com/products/formal-shoes-for-men.oembed]
[cdn.shopify.com/s/files/1/1811/9799/products/shoe17_8902fcc9-848b-4476-874d-36c0ac8b6195_compact1878.jpg]
[cdn.shopify.com/s/files/1/1811/9799/products/shoe20_30ea2aa8-57cb-4a4a-aa82-3aa14f179fce85d8.jpg]
[cdn.shopify.com/s/files/1/1811/9799/products/shoe20_30ea2aa8-57cb-4a4a-aa82-3aa14f179fce_compact85d8.jpg]
[cdn.shopify.com/s/files/1/1811/9799/products/shoe6_dfb884a0-e712-4021-9f75-a3645e22d1cf_compact36e3.jpg]
[huge-shoes.myshopify.com/products/formal-shoes-for-men.html]
[cdn.shopify.com/s/files/1/1811/9799/products/shoe22_48464579-a7fe-40ba-ad66-8c6aa7ef2bb1_grandedba5.jpg]
[huge-shoes.myshopify.com/collections/work-boots/products/cairo-capri-pants.html]
[cdn.shopify.com/s/files/1/1811/9799/products/shoe14_grande8e50.jpg]
[cdn.shopify.com/s/files/1/1811/9799/products/shoe2_c6562b9c-7655-4302-a5b5-7965d00a4600_grande8d37.jpg]
[huge-shoes.myshopify.com/products/bermuda-shorts.oembed]
[cdn.shopify.com/s/files/1/1811/9799/products/shoe22_48464579-a7fe-40ba-ad66-8c6aa7ef2bb1_compactdba5.jpg]
[cdn.shopify.com/s/files/1/1811/9799/products/shoe148e50.jpg]
[cdn.shopify.com/s/files/1/1811/9799/products/shoe14_compact8e50.jpg]
[cdn.shopify.com/s/files/1/1811/9799/products/shoe2_c6562b9c-7655-4302-a5b5-7965d00a46008d37.jpg]
[cdn.shopify.com/s/files/1/1811/9799/products/shoe2_c6562b9c-7655-4302-a5b5-7965d00a4600_compact8d37.jpg]
[cdn.shopify.com/s/files/1/1811/9799/products/shoe4_adb694bb-d905-40e4-a7ff-7d9150638b93_compact3696.jpg]
[cdn.shopify.com/s/files/1/1811/9799/files/bluec823.png]
[huge-shoes.myshopify.com/collections/chukkas/products/zapatos-dg-mercadolibre.html]
[cdn.shopify.com/s/files/1/1811/9799/products/shoe6_6c0973a3-c24b-4dc6-b31a-30049abfde502d6a.jpg]
[huge-shoes.myshopify.com/collections/chukkas/products/kevin-durant-shoes.html]
[cdn.shopify.com/s/files/1/1811/9799/products/shoe8_9a3a431f-88e8-418d-95f4-de71ecc8aa109b13.jpg]
[huge-shoes.myshopify.com/products/bermuda-shorts.html]
[cdn.shopify.com/s/files/1/1811/9799/products/shoe10_2bf3b8d8-15dd-4fa9-9550-5701b9fafd74_grandee999.jpg]
[huge-shoes.myshopify.com/collections/chukkas/products/boys-polo-shoes.html]
[cdn.shopify.com/s/files/1/1811/9799/products/shoe17_ee277312-3669-4514-a9f3-d5147e9bfd6a_granded9ef.jpg]
[cdn.shopify.com/s/files/1/1811/9799/products/shoe12_d26d2aac-3207-4f38-9c75-11b2518b6bee_grandeec23.jpg]
[cdn.shopify.com/s/files/1/1811/9799/products/shoe10_2bf3b8d8-15dd-4fa9-9550-5701b9fafd74_mediume999.jpg]
[huge-shoes.myshopify.com/products/boys-polo-shoes.oembed]
[cdn.shopify.com/s/files/1/1811/9799/products/shoe10_2bf3b8d8-15dd-4fa9-9550-5701b9fafd74_compacte999.jpg]
[cdn.shopify.com/s/files/1/1811/9799/products/shoe17_ee277312-3669-4514-a9f3-d5147e9bfd6ad9ef.jpg]
[cdn.shopify.com/s/files/1/1811/9799/products/shoe17_ee277312-3669-4514-a9f3-d5147e9bfd6a_compactd9ef.jpg]
[cdn.shopify.com/s/files/1/1811/9799/products/shoe12_d26d2aac-3207-4f38-9c75-11b2518b6bee_compactec23.jpg]
[huge-shoes.myshopify.com/products/boys-polo-shoes.html]
[huge-shoes.myshopify.com/collections/chukkas/products/bermuda-shorts.html]
[cdn.shopify.com/s/files/1/1811/9799/products/shoe5_90c6fa1d-1bf9-46f3-b538-2de82f0c8095_grandecd12.jpg]
[cdn.shopify.com/s/files/1/1811/9799/products/shoe8_grande7c45.jpg]
[cdn.shopify.com/s/files/1/1811/9799/products/shoe6_7ceb3af7-ec37-44e1-9d9a-7b8d68757eb0_grande302a.jpg]
[cdn.shopify.com/s/files/1/1811/9799/products/shoe5_90c6fa1d-1bf9-46f3-b538-2de82f0c8095_mediumcd12.jpg]
[huge-shoes.myshopify.com/products/daughtry-shorts.oembed]
[cdn.shopify.com/s/files/1/1811/9799/products/shoe5_90c6fa1d-1bf9-46f3-b538-2de82f0c8095_compactcd12.jpg]
[cdn.shopify.com/s/files/1/1811/9799/products/shoe87c45.jpg]
[cdn.shopify.com/s/files/1/1811/9799/products/shoe8_compact7c45.jpg]
[cdn.shopify.com/s/files/1/1811/9799/products/shoe6_7ceb3af7-ec37-44e1-9d9a-7b8d68757eb0_compact302a.jpg]
[cdn.shopify.com/s/files/1/1811/9799/products/shoe16_61d41d8e-1d30-40ce-9e68-5763cc21d08fdb2b.jpg]
[huge-shoes.myshopify.com/collections/gym-sneakers/products/zapatos-osiris.html]
[cdn.shopify.com/s/files/1/1811/9799/products/shoe6_c38a49bd-8167-466b-ba60-15703c8f8b122c69.jpg]
[huge-shoes.myshopify.com/products/zapatos-osiris.html]
[huge-shoes.myshopify.com/collections/gym-sneakers/products/kevin-durant-shoes.html]
[huge-shoes.myshopify.com/collections/gym-sneakers/products/lace-knee-length.html]
[cdn.shopify.com/s/files/1/1811/9799/products/shoe11_1f1fb641-0bbe-4715-9435-d82aa8d484682ec2.jpg]
[huge-shoes.myshopify.com/collections/gym-sneakers/products/skate-shoe.html]
[cdn.shopify.com/s/files/1/1811/9799/products/shoe16_2c4072c0-9440-4b66-8157-9c116ca32575cae5.jpg]
[huge-shoes.myshopify.com/products/skate-shoe.html]
[huge-shoes.myshopify.com/collections/gym-sneakers/products/ladies4zone-dress.html]
[huge-shoes.myshopify.com/collections/gym-sneakers/products/donna-flare-pants.html]
[huge-shoes.myshopify.com/products/daughtry-shorts.html]
[cdn.shopify.com/s/files/1/1811/9799/products/shoe24_e6691333-f78c-42b2-9cc9-c494d3e84d0f_grande1e7f.jpg]
[huge-shoes.myshopify.com/collections/gym-sneakers/products/lines-of-fashion.html]
[cdn.shopify.com/s/files/1/1811/9799/products/shoe16_grande1e7f.jpg]
[cdn.shopify.com/s/files/1/1811/9799/products/shoe12_3ce5bae7-ad13-4636-873c-0498e9179dd1_grande1e7f.jpg]
[huge-shoes.myshopify.com/products/fleece-sweatshirt.oembed]
[cdn.shopify.com/s/files/1/1811/9799/products/shoe24_e6691333-f78c-42b2-9cc9-c494d3e84d0f_compact1e7f.jpg]
[cdn.shopify.com/s/files/1/1811/9799/products/shoe161e7f.jpg]
[cdn.shopify.com/s/files/1/1811/9799/products/shoe16_compact1e7f.jpg]
[cdn.shopify.com/s/files/1/1811/9799/products/shoe12_3ce5bae7-ad13-4636-873c-0498e9179dd1_compact1e7f.jpg]
[huge-shoes.myshopify.com/products/fleece-sweatshirt.html]
[cdn.shopify.com/s/files/1/1811/9799/products/shoe13_grande9b47.jpg]
[cdn.shopify.com/s/files/1/1811/9799/products/shoe12_f59860a1-f1f8-4818-9784-1f7670eb7165_grande23cf.jpg]
[cdn.shopify.com/s/files/1/1811/9799/products/shoe17_a234f8d7-6358-468b-a996-52474ea436c4_grandea3ef.jpg]
[cdn.shopify.com/s/files/1/1811/9799/products/shoe13_medium9b47.jpg]
[huge-shoes.myshopify.com/products/lace-knee-length.oembed]
[cdn.shopify.com/s/files/1/1811/9799/products/shoe13_compact9b47.jpg]
[cdn.shopify.com/s/files/1/1811/9799/products/shoe12_f59860a1-f1f8-4818-9784-1f7670eb716523cf.jpg]
[cdn.shopify.com/s/files/1/1811/9799/products/shoe12_f59860a1-f1f8-4818-9784-1f7670eb7165_compact23cf.jpg]
[cdn.shopify.com/s/files/1/1811/9799/products/shoe17_a234f8d7-6358-468b-a996-52474ea436c4_compacta3ef.jpg]
[huge-shoes.myshopify.com/products/lace-knee-length.html]
[cdn.shopify.com/s/files/1/1811/9799/products/shoe11_grandeaa16.jpg]
[huge-shoes.myshopify.com/collections/gym-sneakers/products/daughtry-shorts.html]
[cdn.shopify.com/s/files/1/1811/9799/products/shoe5_grande9f7b.jpg]
[cdn.shopify.com/s/files/1/1811/9799/products/shoe4_7736255a-d2c6-4cf1-afd8-95c1e735eb97_grande3057.jpg]
[cdn.shopify.com/s/files/1/1811/9799/products/shoe11_mediumaa16.jpg]
[huge-shoes.myshopify.com/products/donna-flare-pants.oembed]
[cdn.shopify.com/s/files/1/1811/9799/products/shoe11_compactaa16.jpg]
[cdn.shopify.com/s/files/1/1811/9799/products/shoe59f7b.jpg]
[cdn.shopify.com/s/files/1/1811/9799/products/shoe5_compact9f7b.jpg]
[cdn.shopify.com/s/files/1/1811/9799/products/shoe4_7736255a-d2c6-4cf1-afd8-95c1e735eb97_compact3057.jpg]
[huge-shoes.myshopify.com/products/donna-flare-pants.html]
[cdn.shopify.com/s/files/1/1811/9799/products/shoe25_2b59f812-76f2-448b-8835-d7ad151027e4_grandecd19.jpg]
[cdn.shopify.com/s/files/1/1811/9799/products/shoe3_1148d9c6-e14b-4189-af2c-1f50d7c3b795_grandea521.jpg]
[cdn.shopify.com/s/files/1/1811/9799/products/shoe6_13eed6bb-c314-4c13-ae99-15a0833f1077_grandeb33e.jpg]
[huge-shoes.myshopify.com/products/endeavor-shorts.oembed]
[cdn.shopify.com/s/files/1/1811/9799/products/shoe25_2b59f812-76f2-448b-8835-d7ad151027e4_compactcd19.jpg]
[cdn.shopify.com/s/files/1/1811/9799/products/shoe3_1148d9c6-e14b-4189-af2c-1f50d7c3b795a521.jpg]
[cdn.shopify.com/s/files/1/1811/9799/products/shoe3_1148d9c6-e14b-4189-af2c-1f50d7c3b795_compacta521.jpg]
[cdn.shopify.com/s/files/1/1811/9799/products/shoe6_13eed6bb-c314-4c13-ae99-15a0833f1077_compactb33e.jpg]
[cdn.shopify.com/s/files/1/1811/9799/files/redc40d.png]
[huge-shoes.myshopify.com/products/endeavor-shorts.html]
[cdn.shopify.com/s/files/1/1811/9799/products/shoe20_c19cffd2-3ed5-41bf-bf2d-86046aaf06ab_grande2683.jpg]
[cdn.shopify.com/s/files/1/1811/9799/products/shoe6_541d2c6b-930c-4087-bec7-f45ac4382c40_grande4d83.jpg]
[cdn.shopify.com/s/files/1/1811/9799/products/shoe17_grandebe7a.jpg]
[huge-shoes.myshopify.com/products/blazers-waistcoats.oembed]
[cdn.shopify.com/s/files/1/1811/9799/products/shoe20_c19cffd2-3ed5-41bf-bf2d-86046aaf06ab_compact2683.jpg]
[cdn.shopify.com/s/files/1/1811/9799/products/shoe6_541d2c6b-930c-4087-bec7-f45ac4382c404d83.jpg]
[cdn.shopify.com/s/files/1/1811/9799/products/shoe6_541d2c6b-930c-4087-bec7-f45ac4382c40_compact4d83.jpg]
[cdn.shopify.com/s/files/1/1811/9799/products/shoe17_compactbe7a.jpg]
[huge-shoes.myshopify.com/products/blazers-waistcoats.html]
[cdn.shopify.com/s/files/1/1811/9799/products/shoe26_de67b47c-8d95-481f-aa85-268cdc309e4e_grande7331.jpg]
[cdn.shopify.com/s/files/1/1811/9799/products/shoe7_5f9a394e-0881-45a3-8c44-7fb24553f6de_grande609f.jpg]
[cdn.shopify.com/s/files/1/1811/9799/products/shoe21_aa15e9bd-a530-4000-b8e6-d30eb4821073_grande1745.jpg]
[huge-shoes.myshopify.com/products/ladies4zone-dress.oembed]
[cdn.shopify.com/s/files/1/1811/9799/products/shoe7_5f9a394e-0881-45a3-8c44-7fb24553f6de609f.jpg]
[cdn.shopify.com/s/files/1/1811/9799/products/shoe26_de67b47c-8d95-481f-aa85-268cdc309e4e_compact7331.jpg]
[cdn.shopify.com/s/files/1/1811/9799/products/shoe7_5f9a394e-0881-45a3-8c44-7fb24553f6de_compact609f.jpg]
[cdn.shopify.com/s/files/1/1811/9799/products/shoe21_aa15e9bd-a530-4000-b8e6-d30eb4821073_compact1745.jpg]
[cdn.shopify.com/s/files/1/1811/9799/files/greya597.png]
[cdn.shopify.com/s/files/1/1811/9799/files/greena6be.png]
[huge-shoes.myshopify.com/products/ladies4zone-dress.html]
[cdn.shopify.com/s/files/1/1811/9799/products/shoe14_608141c6-f805-4374-aee5-65a7b34f6d51_grande3d5c.jpg]
[cdn.shopify.com/s/files/1/1811/9799/products/shoe9_37c43b49-caa9-492a-9a90-7f279fd404b1_grande3d5c.jpg]
[cdn.shopify.com/s/files/1/1811/9799/products/shoe16_9887b0a3-2a5e-4611-a15f-fb10959ae0bc_grande3d5c.jpg]
[huge-shoes.myshopify.com/products/covered-crew-neck.oembed]
[cdn.shopify.com/s/files/1/1811/9799/products/shoe9_37c43b49-caa9-492a-9a90-7f279fd404b13d5c.jpg]
[cdn.shopify.com/s/files/1/1811/9799/products/shoe14_608141c6-f805-4374-aee5-65a7b34f6d51_compact3d5c.jpg]
[cdn.shopify.com/s/files/1/1811/9799/products/shoe9_37c43b49-caa9-492a-9a90-7f279fd404b1_compact3d5c.jpg]
[cdn.shopify.com/s/files/1/1811/9799/products/shoe16_9887b0a3-2a5e-4611-a15f-fb10959ae0bc_compact3d5c.jpg]
[huge-shoes.myshopify.com/products/covered-crew-neck.html]
[cdn.shopify.com/s/files/1/1811/9799/products/shoe19_grandee39f.jpg]
[huge-shoes.myshopify.com/collections/hiking-boots/products/lee-marc-frock.html]
[cdn.shopify.com/s/files/1/1811/9799/products/shoe4_grandee39f.jpg]
[cdn.shopify.com/s/files/1/1811/9799/products/shoe20_grande54eb.jpg]
[huge-shoes.myshopify.com/products/georgette-tunic.oembed]
[cdn.shopify.com/s/files/1/1811/9799/products/shoe19_compacte39f.jpg]
[cdn.shopify.com/s/files/1/1811/9799/products/shoe4e39f.jpg]
[cdn.shopify.com/s/files/1/1811/9799/products/shoe4_compacte39f.jpg]
[cdn.shopify.com/s/files/1/1811/9799/products/shoe20_compact54eb.jpg]
[cdn.shopify.com/s/files/1/1811/9799/files/yellow12d2.png]
[huge-shoes.myshopify.com/products/georgette-tunic.html]
[huge-shoes.myshopify.com/collections/hiking-boots.atom]
[huge-shoes.myshopify.com/collections/hiking-boots.oembed]
[huge-shoes.myshopify.com/collections/covered-crew-neck]
[huge-shoes.myshopify.com/collections/juniors-athletic-shoes]
[huge-shoes.myshopify.com/collections/vans-black-canvas-shoes]
[huge-shoes.myshopify.com/collections/new-mens-running-shoes]
[huge-shoes.myshopify.com/collections/hiking-boots.html]
[cdn.shopify.com/s/files/1/1811/9799/products/shoe11_e0a69d33-e768-464e-bedc-d33dc95f9d3b_grandea066.jpg]
[cdn.shopify.com/s/files/1/1811/9799/products/shoe15_37da4784-fd93-4e8a-8704-ce37cc2fb3bf_grandea066.jpg]
[cdn.shopify.com/s/files/1/1811/9799/products/shoe17_4894bc70-1122-4740-8c89-dd2dbf5398cd_grandece27.jpg]
[cdn.shopify.com/s/files/1/1811/9799/products/shoe11_e0a69d33-e768-464e-bedc-d33dc95f9d3b_mediuma066.jpg]
[huge-shoes.myshopify.com/products/juniors-athletic-shoes.oembed]
[cdn.shopify.com/s/files/1/1811/9799/products/shoe11_e0a69d33-e768-464e-bedc-d33dc95f9d3b_compacta066.jpg]
[cdn.shopify.com/s/files/1/1811/9799/products/shoe15_37da4784-fd93-4e8a-8704-ce37cc2fb3bfa066.jpg]
[cdn.shopify.com/s/files/1/1811/9799/products/shoe15_37da4784-fd93-4e8a-8704-ce37cc2fb3bf_compacta066.jpg]
[cdn.shopify.com/s/files/1/1811/9799/products/shoe17_4894bc70-1122-4740-8c89-dd2dbf5398cd_compactce27.jpg]
[huge-shoes.myshopify.com/products/juniors-athletic-shoes.html]
[cdn.shopify.com/s/files/1/1811/9799/products/shoe7_grande1130.jpg]
[cdn.shopify.com/s/files/1/1811/9799/products/shoe6_e93d747f-f1db-4a44-a8f2-8b85a2f677c2_grande4085.jpg]
[cdn.shopify.com/s/files/1/1811/9799/products/shoe12_grandee46c.jpg]
[cdn.shopify.com/s/files/1/1811/9799/products/shoe7_medium1130.jpg]
[huge-shoes.myshopify.com/products/light-denim-shorts.oembed]
[cdn.shopify.com/s/files/1/1811/9799/products/shoe7_compact1130.jpg]
[cdn.shopify.com/s/files/1/1811/9799/products/shoe6_e93d747f-f1db-4a44-a8f2-8b85a2f677c24085.jpg]
[cdn.shopify.com/s/files/1/1811/9799/products/shoe6_e93d747f-f1db-4a44-a8f2-8b85a2f677c2_compact4085.jpg]
[cdn.shopify.com/s/files/1/1811/9799/products/shoe12_compacte46c.jpg]
[huge-shoes.myshopify.com/products/light-denim-shorts.html]
[huge-shoes.myshopify.com/collections/gym-sneakers.atom]
[huge-shoes.myshopify.com/collections/gym-sneakers.oembed]
[huge-shoes.myshopify.com/collections/zapatos-osiris]
[huge-shoes.myshopify.com/collections/kevin-durant-shoes]
[huge-shoes.myshopify.com/collections/lace-knee-length]
[huge-shoes.myshopify.com/collections/daughtry-shorts]
[huge-shoes.myshopify.com/collections/skate-shoe]
[huge-shoes.myshopify.com/collections/gym-sneakers.html]
[cdn.shopify.com/s/files/1/1811/9799/products/shoe8_9a3a431f-88e8-418d-95f4-de71ecc8aa10_grande9b13.jpg]
[cdn.shopify.com/s/files/1/1811/9799/products/shoe27_ef6cea62-03f5-4087-a7b8-b1c515cf1b0e_grandebe8b.jpg]
[cdn.shopify.com/s/files/1/1811/9799/products/shoe6_6c0973a3-c24b-4dc6-b31a-30049abfde50_grande2d6a.jpg]
[cdn.shopify.com/s/files/1/1811/9799/products/shoe8_9a3a431f-88e8-418d-95f4-de71ecc8aa10_medium9b13.jpg]
[huge-shoes.myshopify.com/products/kevin-durant-shoes.oembed]
[cdn.shopify.com/s/files/1/1811/9799/products/shoe8_9a3a431f-88e8-418d-95f4-de71ecc8aa10_compact9b13.jpg]
[cdn.shopify.com/s/files/1/1811/9799/products/shoe27_ef6cea62-03f5-4087-a7b8-b1c515cf1b0ebe8b.jpg]
[cdn.shopify.com/s/files/1/1811/9799/products/shoe27_ef6cea62-03f5-4087-a7b8-b1c515cf1b0e_compactbe8b.jpg]
[cdn.shopify.com/s/files/1/1811/9799/products/shoe6_6c0973a3-c24b-4dc6-b31a-30049abfde50_compact2d6a.jpg]
[huge-shoes.myshopify.com/products/kevin-durant-shoes.html]
[huge-shoes.myshopify.com/blogs/news.atom]
[huge-shoes.myshopify.com/blogs/POST.2a6.delayed]
[cdn.shopify.com/s/files/1/1811/9799/articles/blog9211e.jpg]
[huge-shoes.myshopify.com/blogs/news/blog-9.html]
[cdn.shopify.com/s/files/1/1811/9799/articles/Blog84c3d.jpg]
[huge-shoes.myshopify.com/blogs/news/blog-8.html]
[cdn.shopify.com/s/files/1/1811/9799/articles/blog1b5f1.jpg]
[huge-shoes.myshopify.com/blogs/news/blog-3.html]
[huge-shoes.myshopify.com/blogs/news/tagged/dancing.html]
[huge-shoes.myshopify.com/blogs/news/tagged/heel.html]
[huge-shoes.myshopify.com/blogs/news/tagged/hiking.html]
[huge-shoes.myshopify.com/blogs/news/tagged/racing.html]
[huge-shoes.myshopify.com/blogs/news/tagged/trekking.html]
[huge-shoes.myshopify.com/blogs/news/blog-1.html]
[cdn.shopify.com/s/files/1/1811/9799/articles/blog36e4f.jpg]
[huge-shoes.myshopify.com/blogs/news.html]
[huge-shoes.myshopify.com/pages/POST.2b4.delayed]
[cdn.shopify.com/s/files/1/1811/9799/files/about2_1024x1024ddfc.jpg]
[cdn.shopify.com/s/files/1/1811/9799/files/about12a3b.jpg]
[cdn.shopify.com/s/files/1/1811/9799/files/about-2647d.jpg]
[cdn.shopify.com/s/files/1/1811/9799/files/about-3_1024x1024893d.jpg]
[cdn.shopify.com/s/files/1/1811/9799/files/about-4_1024x10245376.jpg]
[cdn.shopify.com/s/files/1/1811/9799/files/about-5_1024x10244aa7.jpg]
[cdn.shopify.com/s/files/1/1811/9799/files/about-67b61.jpg]
[cdn.shopify.com/s/files/1/1811/9799/files/shoe_1024x10244eb7.png]
[cdn.shopify.com/s/files/1/1811/9799/files/client-1_1024x1024b17c.png]
[cdn.shopify.com/s/files/1/1811/9799/files/client-2_1024x1024612b.png]
[cdn.shopify.com/s/files/1/1811/9799/files/client-3_1024x1024c490.png]
[cdn.shopify.com/s/files/1/1811/9799/files/client-4_1024x1024485f.png]
[huge-shoes.myshopify.com/pages/about-us.html]
[cdn.shopify.com/s/files/1/1811/9799/files/contact1_3945ec6c-21f2-45d1-84bd-15cb0ea476f0_1024x1024b208.jpg]
[cdn.shopify.com/s/files/1/1811/9799/files/contact2_1024x10240410.jpg]
[cdn.shopify.com/s/files/1/1811/9799/files/contact-3_1024x10244243.jpg]
[huge-shoes.myshopify.com/pages/contact.html]
[huge-shoes.myshopify.com/pages/wishlist.html]
[cdn.shopify.com/s/global/search.css]
[huge-shoes.myshopify.com/search.html]
[huge-shoes.myshopify.com/account/POST.2c5.delayed]
[huge-shoes.myshopify.com/account/login.html]
[cdn.shopify.com/shopifycloud/shopify/assets/themes_support/shopify_common-8ea6ac3faf357236a97f5de749df4da6e8436ca107bc3a4ee805cbf08bc47392.js]
[huge-shoes.myshopify.com/account/register.html]
[huge-shoes.myshopify.com/cart.html]
[cdn.shopify.com/s/files/1/1811/9799/t/6/assets/icon-megamenua597.html]
[huge-shoes.myshopify.com/collections/work-boots.atom]
[huge-shoes.myshopify.com/collections/work-boots.oembed]
[huge-shoes.myshopify.com/collections/body-blouse-shirt]
[huge-shoes.myshopify.com/collections/cairo-capri-pants]
[huge-shoes.myshopify.com/collections/formal-shoes-for-men]
[huge-shoes.myshopify.com/collections/work-boots.html]
[huge-shoes.myshopify.com/collections/chukkas.atom]
[huge-shoes.myshopify.com/collections/chukkas.oembed]
[huge-shoes.myshopify.com/collections/zapatos-dg-mercadolibre]
[huge-shoes.myshopify.com/collections/chukkas.html]
[huge-shoes.myshopify.com/collections/frontpage/products/POST]
[huge-shoes.myshopify.com/collections/frontpage/products/georgette-tunic.html]
[huge-shoes.myshopify.com/georgette-tunic.html]
[huge-shoes.myshopify.com/collections/frontpage/products/ladies4zone-dress.html]
[huge-shoes.myshopify.com/ladies4zone-dress.html]
[huge-shoes.myshopify.com/collections/frontpage/products/blazers-waistcoats.html]
[huge-shoes.myshopify.com/blazers-waistcoats.html]
[huge-shoes.myshopify.com/collections/frontpage.html]
[huge-shoes.myshopify.com/collections/frontpage/products/lee-marc-frock.html]
[huge-shoes.myshopify.com/lee-marc-frock.html]
[huge-shoes.myshopify.com/collections/frontpage/products/endeavor-shorts.html]
[huge-shoes.myshopify.com/endeavor-shorts.html]
[huge-shoes.myshopify.com/collections/frontpage/products/bermuda-shorts.html]
[huge-shoes.myshopify.com/bermuda-shorts.html]
[huge-shoes.myshopify.com/collections/frontpage/products/fleece-sweatshirt.html]
[huge-shoes.myshopify.com/fleece-sweatshirt.html]
[huge-shoes.myshopify.com/collections/frontpage/products/covered-crew-neck.html]
[huge-shoes.myshopify.com/covered-crew-neck.html]
[cdn.shopify.com/s/files/1/1811/9799/products/shoe9_8a5e5186-31f5-47cb-a8cf-fecf2349bed7_grandefe37.jpg]
[cdn.shopify.com/s/files/1/1811/9799/products/shoe15_46564e84-41d2-4e1f-a78e-b7aae9b57fe5_grandeaf58.jpg]
[cdn.shopify.com/s/files/1/1811/9799/products/shoe12_968efbaa-1956-4621-93d2-1f1f8fdc3d11_grandeba62.jpg]
[cdn.shopify.com/s/files/1/1811/9799/products/shoe9_8a5e5186-31f5-47cb-a8cf-fecf2349bed7_mediumfe37.jpg]
[huge-shoes.myshopify.com/products/zapatos-dg-mercadolibre.oembed]
[huge-shoes.myshopify.com/collections/tab-collection/products/POST.326.delayed]
[cdn.shopify.com/s/files/1/1811/9799/products/shoe9_8a5e5186-31f5-47cb-a8cf-fecf2349bed7_compactfe37.jpg]
[cdn.shopify.com/s/files/1/1811/9799/products/shoe15_46564e84-41d2-4e1f-a78e-b7aae9b57fe5af58.jpg]
[cdn.shopify.com/s/files/1/1811/9799/products/shoe15_46564e84-41d2-4e1f-a78e-b7aae9b57fe5_compactaf58.jpg]
[cdn.shopify.com/s/files/1/1811/9799/products/shoe12_968efbaa-1956-4621-93d2-1f1f8fdc3d11_compactba62.jpg]
[huge-shoes.myshopify.com/collections/tab-collection/products/zapatos-dg-mercadolibre.html]
[huge-shoes.myshopify.com/products/zapatos-dg-mercadolibre.html]
[huge-shoes.myshopify.com/zapatos-dg-mercadolibre.html]
[cdn.shopify.com/s/files/1/1811/9799/products/shoe15_grande1255.jpg]
[cdn.shopify.com/s/files/1/1811/9799/products/shoe6_grande1255.jpg]
[cdn.shopify.com/s/files/1/1811/9799/products/shoe1_cfcb6e4c-151f-46ee-bc34-3a892f794186_grande1255.jpg]
[cdn.shopify.com/s/files/1/1811/9799/products/shoe15_medium1255.jpg]
[huge-shoes.myshopify.com/products/electric-watch.oembed]
[cdn.shopify.com/s/files/1/1811/9799/products/shoe15_compact1255.jpg]
[cdn.shopify.com/s/files/1/1811/9799/products/shoe61255.jpg]
[cdn.shopify.com/s/files/1/1811/9799/products/shoe6_compact1255.jpg]
[cdn.shopify.com/s/files/1/1811/9799/products/shoe1_cfcb6e4c-151f-46ee-bc34-3a892f794186_compact1255.jpg]
[huge-shoes.myshopify.com/collections/tab-collection/products/electric-watch.html]
[huge-shoes.myshopify.com/products/electric-watch.html]
[huge-shoes.myshopify.com/electric-watch.html]
[cdn.shopify.com/s/files/1/1811/9799/products/shoe23_5444b0e6-72c7-450c-aab6-081a70660dcd_grandedb7b.jpg]
[cdn.shopify.com/s/files/1/1811/9799/products/shoe10_grande2450.jpg]
[cdn.shopify.com/s/files/1/1811/9799/products/shoe5_5008bddd-b8ea-4eb6-b9a6-93ec50c62c39_grande3196.jpg]
[cdn.shopify.com/s/files/1/1811/9799/products/shoe23_5444b0e6-72c7-450c-aab6-081a70660dcd_mediumdb7b.jpg]
[huge-shoes.myshopify.com/products/galaxy-shorts-1.oembed]
[cdn.shopify.com/s/files/1/1811/9799/products/shoe23_5444b0e6-72c7-450c-aab6-081a70660dcd_compactdb7b.jpg]
[cdn.shopify.com/s/files/1/1811/9799/products/shoe102450.jpg]
[cdn.shopify.com/s/files/1/1811/9799/products/shoe10_compact2450.jpg]
[cdn.shopify.com/s/files/1/1811/9799/products/shoe5_5008bddd-b8ea-4eb6-b9a6-93ec50c62c39_compact3196.jpg]
[huge-shoes.myshopify.com/collections/tab-collection/products/galaxy-shorts-1.html]
[huge-shoes.myshopify.com/products/galaxy-shorts-1.html]
[huge-shoes.myshopify.com/galaxy-shorts-1.html]
[huge-shoes.myshopify.com/collections/tab-collection/products/light-denim-shorts.html]
[huge-shoes.myshopify.com/light-denim-shorts.html]
[cdn.shopify.com/s/files/1/1811/9799/products/shoe21_grande0d9a.jpg]
[cdn.shopify.com/s/files/1/1811/9799/products/shoe23_grande0d9a.jpg]
[cdn.shopify.com/s/files/1/1811/9799/products/shoe22_grande0d9a.jpg]
[cdn.shopify.com/s/files/1/1811/9799/products/shoe21_medium0d9a.jpg]
[huge-shoes.myshopify.com/products/lines-of-fashion.oembed]
[cdn.shopify.com/s/files/1/1811/9799/products/shoe21_compact0d9a.jpg]
[cdn.shopify.com/s/files/1/1811/9799/products/shoe230d9a.jpg]
[cdn.shopify.com/s/files/1/1811/9799/products/shoe23_compact0d9a.jpg]
[cdn.shopify.com/s/files/1/1811/9799/products/shoe220d9a.jpg]
[cdn.shopify.com/s/files/1/1811/9799/products/shoe22_compact0d9a.jpg]
[cdn.shopify.com/s/files/1/1811/9799/products/shoe3_compact0d9a.jpg]
[huge-shoes.myshopify.com/collections/tab-collection/products/lines-of-fashion.html]
[huge-shoes.myshopify.com/products/lines-of-fashion.html]
[huge-shoes.myshopify.com/lines-of-fashion.html]
[cdn.shopify.com/s/files/1/1811/9799/products/shoe9_0926fd04-01c0-4c74-b158-0fc24171828f_grandee471.jpg]
[cdn.shopify.com/s/files/1/1811/9799/products/shoe25_36899d4c-06fb-476f-9663-e7923fc7888e_grandee471.jpg]
[cdn.shopify.com/s/files/1/1811/9799/products/shoe2_d912f723-68c8-4966-98a8-59212e18afe4_grandee471.jpg]
[cdn.shopify.com/s/files/1/1811/9799/products/shoe9_0926fd04-01c0-4c74-b158-0fc24171828f_mediume471.jpg]
[huge-shoes.myshopify.com/products/body-blouse-shirt.oembed]
[cdn.shopify.com/s/files/1/1811/9799/products/shoe9_0926fd04-01c0-4c74-b158-0fc24171828f_compacte471.jpg]
[cdn.shopify.com/s/files/1/1811/9799/products/shoe25_36899d4c-06fb-476f-9663-e7923fc7888ee471.jpg]
[cdn.shopify.com/s/files/1/1811/9799/products/shoe25_36899d4c-06fb-476f-9663-e7923fc7888e_compacte471.jpg]
[cdn.shopify.com/s/files/1/1811/9799/products/shoe2_d912f723-68c8-4966-98a8-59212e18afe4_compacte471.jpg]
[huge-shoes.myshopify.com/collections/tab-collection/products/body-blouse-shirt.html]
[huge-shoes.myshopify.com/products/body-blouse-shirt.html]
[huge-shoes.myshopify.com/body-blouse-shirt.html]
[huge-shoes.myshopify.com/collections/tab-collection/products/lace-knee-length.html]
[huge-shoes.myshopify.com/lace-knee-length.html]
[huge-shoes.myshopify.com/collections/tab-collection/products/daughtry-shorts.html]
[huge-shoes.myshopify.com/daughtry-shorts.html]
[huge-shoes.myshopify.com/collections/tab-collection/products/donna-flare-pants.html]
[huge-shoes.myshopify.com/donna-flare-pants.html]
[cdn.shopify.com/s/files/1/1811/9799/products/shoe12_d236d83f-7f25-4d9e-b156-5131fead58c6_grande45c2.jpg]
[cdn.shopify.com/s/files/1/1811/9799/products/shoe26_grande45c2.jpg]
[cdn.shopify.com/s/files/1/1811/9799/products/shoe25_2b9a4ac0-54e3-4141-a0cd-3d7936bd40ef_grande45c2.jpg]
[cdn.shopify.com/s/files/1/1811/9799/products/shoe12_d236d83f-7f25-4d9e-b156-5131fead58c6_medium45c2.jpg]
[huge-shoes.myshopify.com/products/galaxy-shorts.oembed]
[cdn.shopify.com/s/files/1/1811/9799/products/shoe12_d236d83f-7f25-4d9e-b156-5131fead58c6_compact45c2.jpg]
[cdn.shopify.com/s/files/1/1811/9799/products/shoe2645c2.jpg]
[cdn.shopify.com/s/files/1/1811/9799/products/shoe26_compact45c2.jpg]
[cdn.shopify.com/s/files/1/1811/9799/products/shoe25_2b9a4ac0-54e3-4141-a0cd-3d7936bd40ef_compact45c2.jpg]
[huge-shoes.myshopify.com/collections/tab-collection/products/galaxy-shorts.html]
[huge-shoes.myshopify.com/products/galaxy-shorts.html]
[huge-shoes.myshopify.com/galaxy-shorts.html]
[cdn.shopify.com/s/files/1/1811/9799/t/6/assets/ico-selectf30c.svg]
[cdn.shopify.com/s/files/1/1811/9799/t/6/assets/iconscfec.html]
[cdn.shopify.com/s/files/1/1811/9799/t/6/assets/iconscfec-2.html]
[cdn.shopify.com/s/files/1/1811/9799/t/6/assets/iconscfec-3.html]
[cdn.shopify.com/s/files/1/1811/9799/t/6/assets/iconscfec-4.html]
[cdn.shopify.com/s/files/1/1811/9799/t/6/assets/contact_bg_imgcfec.html]
[cdn.shopify.com/s/files/1/1811/9799/t/6/assets/montserrat-light-webfont.html]
[cdn.shopify.com/s/files/1/1811/9799/t/6/assets/montserrat-light-webfont-2.html]
[cdn.shopify.com/s/files/1/1811/9799/t/6/assets/currency_6cfec.html]
[cdn.shopify.com/s/files/1/1811/9799/t/6/assets/currency_7cfec.html]
[cdn.shopify.com/s/files/1/1811/9799/t/6/assets/currency_8cfec.html]
[cdn.shopify.com/s/files/1/1811/9799/t/6/assets/currency_9cfec.html]
[cdn.shopify.com/s/files/1/1811/9799/t/6/assets/currency_10cfec.html]
[cdn.shopify.com/s/files/1/1811/9799/t/6/assets/icon-menu-up.html]
[cdn.shopify.com/s/files/1/1811/9799/t/6/assets/fontawesome-webfont3295.svg]
[cdn.shopify.com/s/files/1/1811/9799/t/6/assets/icomoon.html]
[cdn.shopify.com/s/files/1/1811/9799/t/6/assets/icomoond41d.html]
[cdn.shopify.com/s/files/1/1811/9799/t/6/assets/icomoon-2.html]
[cdn.shopify.com/s/files/1/1811/9799/t/6/assets/icomoon-3.html]
[cdn.shopify.com/s/files/1/1811/9799/t/6/assets/icomoon-4.html]
[cdn.shopify.com/s/files/1/1811/9799/t/6/assets/full-width-brilliance58a2.html]
[cdn.shopify.com/s/files/1/1811/9799/t/6/assets/16020_futuram-webfont.html]
[cdn.shopify.com/s/files/1/1811/9799/t/6/assets/16020_futuram-webfont-2.html]
[cdn.shopify.com/s/files/1/1811/9799/t/6/assets/tt0144m-webfont.html]
[cdn.shopify.com/s/files/1/1811/9799/t/6/assets/tt0144m-webfont-2.html]
[cdn.shopify.com/s/files/1/1811/9799/t/6/assets/ufonts.com_futura-medium-webfont.html]
[cdn.shopify.com/s/files/1/1811/9799/t/6/assets/ufonts.com_futura-medium-webfont-2.html]
[cdn.shopify.com/s/files/1/1811/9799/t/6/assets/ufonts.com_futura-lt-book-webfont.html]
[cdn.shopify.com/s/files/1/1811/9799/t/6/assets/ufonts.com_futura-lt-book-webfont-2.html]
[cdn.shopify.com/s/files/1/1811/9799/t/6/assets/Simple-Line-Iconsb26c.svg]
[cdn.shopify.com/s/files/1/1811/9799/t/6/assets/fancybox-x.html]
[cdn.shopify.com/s/files/1/1811/9799/t/6/assets/revicons90c6.svg]
[cdn.shopify.com/s/files/1/1811/9799/t/6/assets/openhand.html]
[cdn.shopify.com/s/files/1/1811/9799/t/6/assets/closedhand.html]
[cdn.shopify.com/s/files/1/1811/9799/t/6/assets/gridtile_white.html]
[cdn.shopify.com/s/files/1/1811/9799/t/6/assets/Pe-icon-7-strokebb1d.html]
[cdn.shopify.com/s/files/1/1811/9799/t/6/assets/Pe-icon-7-stroked41d.html]
[cdn.shopify.com/s/files/1/1811/9799/t/6/assets/Pe-icon-7-strokebb1d-2.html]
[cdn.shopify.com/s/files/1/1811/9799/t/6/assets/Pe-icon-7-strokebb1d-3.html]
[cdn.shopify.com/s/files/1/1811/9799/t/6/assets/Pe-icon-7-strokebb1d-4.html]
[huge-shoes.myshopify.com/collections/tab-collection.atom]
[huge-shoes.myshopify.com/collections/tab-collection.oembed]
[huge-shoes.myshopify.com/collections/galaxy-shorts-1]
[huge-shoes.myshopify.com/collections/tab-collection.html]
[huge-shoes.myshopify.com/collections/POST.html]
[huge-shoes.myshopify.com/collections/grid.html]
[huge-shoes.myshopify.com/collections/list.html]
[huge-shoes.myshopify.com/collections/manual.html]
[huge-shoes.myshopify.com/collections/price-ascending.html]
[huge-shoes.myshopify.com/collections/price-descending.html]
[huge-shoes.myshopify.com/collections/title-ascending.html]
[huge-shoes.myshopify.com/collections/title-descending.html]
[huge-shoes.myshopify.com/collections/created-ascending.html]
[huge-shoes.myshopify.com/collections/created-descending.html]
[huge-shoes.myshopify.com/collections/best-selling.html]
[huge-shoes.myshopify.com/collections/12.html]
[huge-shoes.myshopify.com/collections/24.html]
[huge-shoes.myshopify.com/collections/36.html]
[huge-shoes.myshopify.com/collections/all2679.html]
[huge-shoes.myshopify.com/collections/fleece-sweatshirt]
[huge-shoes.myshopify.com/collections/all4658.html]
[huge-shoes.myshopify.com/collections/galaxy-shorts.html]
[huge-shoes.myshopify.com/collections/lines-of-fashion.html]
[huge-shoes.myshopify.com/collections/georgette-tunic.html]
[huge-shoes.myshopify.com/collections/electric-watch.html]
[huge-shoes.myshopify.com/collections/donna-flare-pants.html]
[huge-shoes.myshopify.com/collections/boys-polo-shoes.html]
[huge-shoes.myshopify.com/collections/light-denim-shorts.html]
[huge-shoes.myshopify.com/collections/ladies4zone-dress.html]
[huge-shoes.myshopify.com/collections/blazers-waistcoats.html]
[huge-shoes.myshopify.com/collections/lee-marc-frock.html]
[huge-shoes.myshopify.com/collections/endeavor-shorts.html]
[huge-shoes.myshopify.com/collections/bermuda-shorts.html]
[huge-shoes.myshopify.com/collections/all9ba9.html]
[huge-shoes.myshopify.com/products/POST.html]
[cdn.shopify.com/s/files/1/1811/9799/files/sandala597.html]
[huge-shoes.myshopify.com/collections/hiking-boots/products/POST]
[huge-shoes.myshopify.com/collections/hiking-boots/products/covered-crew-neck.html]
[huge-shoes.myshopify.com/collections/hiking-boots/products/galaxy-shorts.html]
[huge-shoes.myshopify.com/collections/hiking-boots/products/electric-watch.html]
[huge-shoes.myshopify.com/collections/hiking-boots/products/juniors-athletic-shoes.html]
[cdn.shopify.com/s/files/1/1811/9799/products/shoe27_7b8e2b75-09bf-4e91-aedf-38070d011f78_grande30c7.jpg]
[cdn.shopify.com/s/files/1/1811/9799/products/shoe26_5b52d77c-c841-45f4-b2a2-ef85bf7f14f3_grande30c7.jpg]
[cdn.shopify.com/s/files/1/1811/9799/products/shoe6_a2351171-5c76-4def-9b99-f8e3cea5a128_grandef8c6.jpg]
[cdn.shopify.com/s/files/1/1811/9799/products/shoe27_7b8e2b75-09bf-4e91-aedf-38070d011f78_medium30c7.jpg]
[huge-shoes.myshopify.com/products/vans-black-canvas-shoes.oembed]
[cdn.shopify.com/s/files/1/1811/9799/products/shoe27_7b8e2b75-09bf-4e91-aedf-38070d011f78_compact30c7.jpg]
[cdn.shopify.com/s/files/1/1811/9799/products/shoe26_5b52d77c-c841-45f4-b2a2-ef85bf7f14f330c7.jpg]
[cdn.shopify.com/s/files/1/1811/9799/products/shoe26_5b52d77c-c841-45f4-b2a2-ef85bf7f14f3_compact30c7.jpg]
[cdn.shopify.com/s/files/1/1811/9799/products/shoe6_a2351171-5c76-4def-9b99-f8e3cea5a128_compactf8c6.jpg]
[huge-shoes.myshopify.com/collections/hiking-boots/products/vans-black-canvas-shoes.html]
[huge-shoes.myshopify.com/products/vans-black-canvas-shoes.html]
[cdn.shopify.com/s/files/1/1811/9799/products/shoe2_grande3886.jpg]
[cdn.shopify.com/s/files/1/1811/9799/products/shoe21_996c3863-042d-40c9-ac41-cfcfb70a2342_grande8201.jpg]
[cdn.shopify.com/s/files/1/1811/9799/products/shoe27_6147ae60-2bb5-4aea-84dd-5398c8564773_grande2a66.jpg]
[cdn.shopify.com/s/files/1/1811/9799/products/shoe2_medium3886.jpg]
[huge-shoes.myshopify.com/products/new-mens-running-shoes.oembed]
[cdn.shopify.com/s/files/1/1811/9799/products/shoe2_compact3886.jpg]
[cdn.shopify.com/s/files/1/1811/9799/products/shoe21_996c3863-042d-40c9-ac41-cfcfb70a23428201.jpg]
[cdn.shopify.com/s/files/1/1811/9799/products/shoe21_996c3863-042d-40c9-ac41-cfcfb70a2342_compact8201.jpg]
[cdn.shopify.com/s/files/1/1811/9799/products/shoe27_6147ae60-2bb5-4aea-84dd-5398c8564773_compact2a66.jpg]
[huge-shoes.myshopify.com/collections/hiking-boots/products/new-mens-running-shoes.html]
[huge-shoes.myshopify.com/products/new-mens-running-shoes.html]
[huge-shoes.myshopify.com/collections/hiking-boots/products/boys-polo-shoes.html]
[huge-shoes.myshopify.com/collections/work-boots/products/POST]
[huge-shoes.myshopify.com/collections/work-boots/products/body-blouse-shirt.html]
[huge-shoes.myshopify.com/collections/work-boots/products/formal-shoes-for-men.html]
[huge-shoes.myshopify.com/collections/work-boots/products/endeavor-shorts.html]
[huge-shoes.myshopify.com/collections/work-boots/products/ladies4zone-dress.html]
[huge-shoes.myshopify.com/collections/work-boots/products/georgette-tunic.html]
[huge-shoes.myshopify.com/collections/work-boots/products/cairo-capri-pants.html]
[huge-shoes.myshopify.com/collections/chukkas/products/POST]
[huge-shoes.myshopify.com/collections/chukkas/products/zapatos-dg-mercadolibre.html]
[huge-shoes.myshopify.com/collections/chukkas/products/kevin-durant-shoes.html]
[huge-shoes.myshopify.com/collections/chukkas/products/boys-polo-shoes.html]
[huge-shoes.myshopify.com/collections/chukkas/products/bermuda-shorts.html]
[cdn.shopify.com/s/files/1/1811/9799/products/shoe6_c38a49bd-8167-466b-ba60-15703c8f8b12_grande2c69.jpg]
[cdn.shopify.com/s/files/1/1811/9799/products/shoe15_aca7489c-f332-4339-bfcd-b3fc6e24daae_grande20d4.jpg]
[cdn.shopify.com/s/files/1/1811/9799/products/shoe16_61d41d8e-1d30-40ce-9e68-5763cc21d08f_grandedb2b.jpg]
[cdn.shopify.com/s/files/1/1811/9799/products/shoe6_c38a49bd-8167-466b-ba60-15703c8f8b12_medium2c69.jpg]
[huge-shoes.myshopify.com/products/zapatos-osiris.oembed]
[huge-shoes.myshopify.com/collections/gym-sneakers/products/POST.3c7.delayed]
[cdn.shopify.com/s/files/1/1811/9799/products/shoe6_c38a49bd-8167-466b-ba60-15703c8f8b12_compact2c69.jpg]
[cdn.shopify.com/s/files/1/1811/9799/products/shoe15_aca7489c-f332-4339-bfcd-b3fc6e24daae20d4.jpg]
[cdn.shopify.com/s/files/1/1811/9799/products/shoe15_aca7489c-f332-4339-bfcd-b3fc6e24daae_compact20d4.jpg]
[cdn.shopify.com/s/files/1/1811/9799/products/shoe16_61d41d8e-1d30-40ce-9e68-5763cc21d08f_compactdb2b.jpg]
[huge-shoes.myshopify.com/collections/gym-sneakers/products/zapatos-osiris.html]
[huge-shoes.myshopify.com/products/zapatos-osiris.html]
[huge-shoes.myshopify.com/collections/gym-sneakers/products/kevin-durant-shoes.html]
[huge-shoes.myshopify.com/collections/gym-sneakers/products/lace-knee-length.html]
[cdn.shopify.com/s/files/1/1811/9799/products/shoe16_2c4072c0-9440-4b66-8157-9c116ca32575_grandecae5.jpg]
[cdn.shopify.com/s/files/1/1811/9799/products/shoe8_2b320ff6-9efd-4bd3-94d3-a484d4dbc7f5_grandee841.jpg]
[cdn.shopify.com/s/files/1/1811/9799/products/shoe11_1f1fb641-0bbe-4715-9435-d82aa8d48468_grande2ec2.jpg]
[cdn.shopify.com/s/files/1/1811/9799/products/shoe16_2c4072c0-9440-4b66-8157-9c116ca32575_mediumcae5.jpg]
[huge-shoes.myshopify.com/products/skate-shoe.oembed]
[cdn.shopify.com/s/files/1/1811/9799/products/shoe16_2c4072c0-9440-4b66-8157-9c116ca32575_compactcae5.jpg]
[cdn.shopify.com/s/files/1/1811/9799/products/shoe8_2b320ff6-9efd-4bd3-94d3-a484d4dbc7f5e841.jpg]
[cdn.shopify.com/s/files/1/1811/9799/products/shoe8_2b320ff6-9efd-4bd3-94d3-a484d4dbc7f5_compacte841.jpg]
[cdn.shopify.com/s/files/1/1811/9799/products/shoe11_1f1fb641-0bbe-4715-9435-d82aa8d48468_compact2ec2.jpg]
[huge-shoes.myshopify.com/collections/gym-sneakers/products/skate-shoe.html]
[huge-shoes.myshopify.com/products/skate-shoe.html]
[huge-shoes.myshopify.com/collections/gym-sneakers/products/ladies4zone-dress.html]
[huge-shoes.myshopify.com/collections/gym-sneakers/products/donna-flare-pants.html]
[huge-shoes.myshopify.com/collections/gym-sneakers/products/lines-of-fashion.html]
[huge-shoes.myshopify.com/collections/gym-sneakers/products/daughtry-shorts.html]
[cdn.shopify.com/s/files/1/1811/9799/files/greya597.html]
[huge-shoes.myshopify.com/collections/hiking-boots/products/lee-marc-frock.html]
[huge-shoes.myshopify.com/collections/covered-crew-neck.html]
[huge-shoes.myshopify.com/collections/juniors-athletic-shoes.html]
[huge-shoes.myshopify.com/collections/vans-black-canvas-shoes.html]
[huge-shoes.myshopify.com/collections/new-mens-running-shoes.html]
[huge-shoes.myshopify.com/collections/zapatos-osiris.html]
[huge-shoes.myshopify.com/collections/kevin-durant-shoes.html]
[huge-shoes.myshopify.com/collections/lace-knee-length.html]
[huge-shoes.myshopify.com/collections/daughtry-shorts.html]
[huge-shoes.myshopify.com/collections/skate-shoe.html]
[huge-shoes.myshopify.com/blogs/POST.html]
[cdn.shopify.com/s/files/1/1811/9799/articles/blog9_grande211e.jpg]
[huge-shoes.myshopify.com/blogs/news/POST.3d6.delayed]
[huge-shoes.myshopify.com/blogs/news/blog-9.html]
[cdn.shopify.com/s/files/1/1811/9799/articles/Blog8_grande4c3d.jpg]
[huge-shoes.myshopify.com/blogs/news/blog-8.html]
[cdn.shopify.com/s/files/1/1811/9799/articles/blog1_grandeb5f1.jpg]
[huge-shoes.myshopify.com/blogs/news/blog-3.html]
[huge-shoes.myshopify.com/blogs/news/tagged/POST.3d9.delayed]
[huge-shoes.myshopify.com/blogs/news/tagged/dancing.html]
[huge-shoes.myshopify.com/blogs/news/tagged/heel.html]
[huge-shoes.myshopify.com/blogs/news/tagged/hiking.html]
[huge-shoes.myshopify.com/blogs/news/tagged/racing.html]
[huge-shoes.myshopify.com/blogs/news/tagged/trekking.html]
[cdn.shopify.com/s/files/1/1811/9799/articles/blog3_grande6e4f.jpg]
[huge-shoes.myshopify.com/blogs/news/blog-1.html]
[huge-shoes.myshopify.com/pages/POST.html]
[cdn.shopify.com/s/global/search.css]
[huge-shoes.myshopify.com/account/POST.html]
[huge-shoes.myshopify.com/collections/body-blouse-shirt.html]
[huge-shoes.myshopify.com/collections/cairo-capri-pants.html]
[huge-shoes.myshopify.com/collections/formal-shoes-for-men.html]
[huge-shoes.myshopify.com/collections/zapatos-dg-mercadolibre.html]
[huge-shoes.myshopify.com/collections/frontpage/products/POST.html]
[huge-shoes.myshopify.com/collections/frontpage.atom]
[huge-shoes.myshopify.com/collections/frontpage.html]
[huge-shoes.myshopify.com/collections/tab-collection/products/POST.html]
[huge-shoes.myshopify.com/collections/galaxy-shorts-1.html]
[huge-shoes.myshopify.com/collections/frontpage.oembed]
[huge-shoes.myshopify.com/collections/all2679.html]
[huge-shoes.myshopify.com/collections/fleece-sweatshirt.html]
[huge-shoes.myshopify.com/collections/hiking-boots/products/POST.html]
[huge-shoes.myshopify.com/collections/work-boots/products/POST.html]
[huge-shoes.myshopify.com/collections/chukkas/products/POST.html]
[huge-shoes.myshopify.com/collections/gym-sneakers/products/POST.html]
[huge-shoes.myshopify.com/blogs/news/POST.html]
[pinterest.com/pin/create/button/indexcdd6.html]
[pinterest.com/pin/create/button/index27af.html]
[pinterest.com/pin/create/button/index3a56.html]
[huge-shoes.myshopify.com/blogs/news/tagged/POST.html]
[pinterest.com/pin/create/button/indexe43f.html]
[pinterest.com/pin/create/button/index418c.html]
[pinterest.com/pin/create/button/index8a9a.html]
[pinterest.com/pin/create/button/index3e0a.html]
[pinterest.com/pin/create/button/index50e7.html]
